2026-02-28 16:32:49,618 - __main__ - INFO - ============================================================
2026-02-28 16:32:49,618 - __main__ - INFO - OAK Vision System 启动
2026-02-28 16:32:49,618 - __main__ - INFO - ============================================================
2026-02-28 16:32:49,618 - __main__ - INFO - 配置参数:
2026-02-28 16:32:49,618 - __main__ - INFO -   - 配置文件: assets/test_config/config.json
2026-02-28 16:32:49,618 - __main__ - INFO -   - 虚拟 CAN: True
2026-02-28 16:32:49,618 - __main__ - INFO -   - 调试模式: True
2026-02-28 16:32:49,618 - __main__ - INFO -   - 无头模式: False
2026-02-28 16:32:49,628 - __main__ - INFO - 
2026-02-28 16:32:49,628 - __main__ - INFO - 加载配置文件: assets/test_config/config.json
2026-02-28 16:32:49,628 - oak_vision_system.modules.config_manager.device_config_manager - INFO - 检测到配置文件格式: json, path=assets\test_config\config.json
2026-02-28 16:32:49,630 - oak_vision_system.modules.config_manager.device_config_manager - INFO - 配置已加载: path=assets\test_config\config.json, format=json
2026-02-28 16:32:49,630 - oak_vision_system.modules.config_manager.device_config_manager - DEBUG - 所有 active_mxid 已经为 None，跳过清空操作
2026-02-28 16:32:49,630 - oak_vision_system.modules.config_manager.device_config_manager - INFO - 加载后已清空 active_mxid，准备基于在线设备重新匹配
2026-02-28 16:32:49,631 - oak_vision_system.modules.config_manager.device_discovery - INFO - 开始发现OAK设备
2026-02-28 16:32:50,163 - oak_vision_system.modules.config_manager.device_discovery - DEBUG - 检测到候选设备数量: 2
2026-02-28 16:32:50,163 - oak_vision_system.modules.config_manager.device_discovery - DEBUG - 处理设备[19443010C122201300] 状态: UNBOOTED -> connected
2026-02-28 16:32:53,832 - oak_vision_system.modules.config_manager.device_discovery - DEBUG - 设备[19443010C122201300] 产品名: OAK-D S2 AF
2026-02-28 16:32:53,833 - oak_vision_system.modules.config_manager.device_discovery - DEBUG - 处理设备[19443010F1221E1300] 状态: UNBOOTED -> connected
2026-02-28 16:32:57,502 - oak_vision_system.modules.config_manager.device_discovery - DEBUG - 设备[19443010F1221E1300] 产品名: OAK-D-S2-FF
2026-02-28 16:32:57,503 - oak_vision_system.modules.config_manager.device_discovery - INFO - 发现OAK设备 2 台
2026-02-28 16:32:57,503 - oak_vision_system.modules.config_manager.device_config_manager - INFO - 发现 2 个在线设备
2026-02-28 16:32:57,504 - oak_vision_system.modules.config_manager.device_match - DEBUG - 校验通过
2026-02-28 16:32:57,504 - oak_vision_system.modules.config_manager.device_match - INFO - Start binding devices to roles.
2026-02-28 16:32:57,505 - oak_vision_system.modules.config_manager.device_match - INFO - 成功更新 left_camera 的绑定配置
2026-02-28 16:32:57,506 - oak_vision_system.modules.config_manager.device_match - INFO - 成功绑定 left_camera 到设备 19443010C122201300
2026-02-28 16:32:57,506 - oak_vision_system.modules.config_manager.device_match - INFO - 成功更新 right_camera 的绑定配置
2026-02-28 16:32:57,507 - oak_vision_system.modules.config_manager.device_match - INFO - 成功绑定 right_camera 到设备 19443010F1221E1300
2026-02-28 16:32:57,508 - oak_vision_system.modules.config_manager.device_match - DEBUG - 自动绑定候选: unmatched=0, available=0
2026-02-28 16:32:57,508 - oak_vision_system.modules.config_manager.device_match - INFO - update match_result
2026-02-28 16:32:57,509 - oak_vision_system.modules.config_manager.device_match - DEBUG - match_result 统计: matched=2, unmatched=0, available=0
2026-02-28 16:32:57,509 - oak_vision_system.modules.config_manager.device_match - INFO - update result_type to full_match
2026-02-28 16:32:57,510 - oak_vision_system.modules.config_manager.device_match - INFO - 设备匹配完成: result=full_match, matched=2/2, available=0
2026-02-28 16:32:57,510 - oak_vision_system.modules.config_manager.device_config_manager - INFO - 设备匹配完成: full_match, 已匹配=2/2
2026-02-28 16:32:57,511 - oak_vision_system.modules.config_manager.device_config_manager - INFO - 已晋升当前草稿为可运行配置
2026-02-28 16:32:57,512 - oak_vision_system.modules.config_manager.device_config_manager - INFO - 配置已验证并晋升为可运行配置
2026-02-28 16:32:57,513 - __main__ - INFO - [OK] 配置加载成功
2026-02-28 16:32:57,513 - __main__ - INFO - 创建模块实例...
2026-02-28 16:32:57,513 - __main__ - INFO -   - 创建 OAKDataCollector...
2026-02-28 16:32:57,513 - oak_vision_system.modules.data_collector.pipelinemanager - INFO - PipelineManager 初始化完成（工厂模式，无状态）
2026-02-28 16:32:57,514 - oak_vision_system.modules.data_collector.collector - INFO - 设备可用性检查通过: 2/2 个设备可用
2026-02-28 16:32:57,514 - oak_vision_system.core.event_bus.event_bus - INFO - 订阅事件: event_type=backpressure_signal, subscription_id=backpressure_signal:2655585203584:1772267577514341900, priority=NORMAL, subscriber_name=OAKDataCollector._handle_backpressure_signal
2026-02-28 16:32:57,515 - __main__ - INFO -     [OK] OAKDataCollector 创建成功
2026-02-28 16:32:57,515 - __main__ - INFO -   - 创建 DataProcessor...
2026-02-28 16:32:57,516 - oak_vision_system.modules.data_processing.decision_layer.decision_layer - INFO - 决策层初始化完成: person_labels=[0], d_in=3000.00, d_out=3050.00, T_warn=3.00, T_clear=3.00
2026-02-28 16:32:57,516 - oak_vision_system.core.event_bus.event_bus - INFO - 订阅事件: event_type=raw_detection_data, subscription_id=raw_detection_data:2655585202624:1772267577516340600, priority=NORMAL, subscriber_name=DataProcessor._on_detection_data_received
2026-02-28 16:32:57,516 - oak_vision_system.modules.data_processing.data_processor - INFO - 已订阅 RAW_DETECTION_DATA 事件
2026-02-28 16:32:57,517 - oak_vision_system.core.backpressure.monitor - INFO - 注册队列: data_processor_queue_2655585098608, watermarks=Watermarks(high=8, low=5)
2026-02-28 16:32:57,517 - oak_vision_system.core.backpressure.monitor - INFO - BackpressureMonitor started, interval=50ms
2026-02-28 16:32:57,517 - oak_vision_system.modules.data_processing.data_processor - INFO - DataProcessor 初始化完成: devices=2, labels=2, queue_size=10, decision_layer_initialized=True
2026-02-28 16:32:57,518 - oak_vision_system.core.backpressure.monitor - INFO - 背压事件: queue=data_processor_queue_2655585098608 action=BackpressureAction.NORMAL reason=queue_ok usage=0.00 drops=0 level=low state=1
2026-02-28 16:32:57,518 - __main__ - INFO -     [OK] DataProcessor 创建成功
2026-02-28 16:32:57,518 - __main__ - INFO -   - 创建 DisplayManager...
2026-02-28 16:32:57,518 - oak_vision_system.core.event_bus.event_bus - INFO - 订阅事件: event_type=raw_frame_data, subscription_id=raw_frame_data:2655585193216:1772267577518930200, priority=NORMAL, subscriber_name=RenderPacketPackager._handle_video_frame
2026-02-28 16:32:57,518 - oak_vision_system.core.event_bus.event_bus - INFO - 订阅事件: event_type=processed_data, subscription_id=processed_data:2655585192448:1772267577518930200, priority=NORMAL, subscriber_name=RenderPacketPackager._handle_processed_data
2026-02-28 16:32:57,519 - oak_vision_system.modules.display_modules.render_packet_packager - INFO - 渲染包打包器已初始化，队列最大长度: 8, 超时时间: 0.20 秒, 缓存最大年龄: 1.00 秒
2026-02-28 16:32:57,519 - oak_vision_system.modules.display_modules.display_renderer - INFO - DisplayRenderer 初始化完成 - 设备数: 2, FPS: 20, 角色绑定数: 2, 深度输出: 启用
2026-02-28 16:32:57,519 - oak_vision_system.modules.display_modules.display_manager - INFO - DisplayManager 已初始化，设备数量: 2, enable_display: True, 角色绑定数: 2, 深度输出: 启用
2026-02-28 16:32:57,519 - __main__ - INFO -     [OK] DisplayManager 创建成功
2026-02-28 16:32:57,519 - __main__ - INFO -   - 创建 CAN 通信器...
2026-02-28 16:32:57,519 - __main__ - INFO -     使用虚拟 CAN 模式（enable_can=False）
2026-02-28 16:32:57,520 - oak_vision_system.modules.can_communication.can_factory - INFO - 创建 CAN 通信器: enable_can=False, interface=socketcan, channel=can0, bitrate=250000
2026-02-28 16:32:57,520 - oak_vision_system.modules.can_communication.can_factory - INFO - enable_can=False，创建虚拟 CAN 通信器 (VirtualCANCommunicator)
2026-02-28 16:32:57,520 - oak_vision_system.modules.can_communication.virtual_can_communicator - INFO - VirtualCANCommunicator 已初始化 - 这是一个虚拟实现，用于开发和测试环境。真实环境下会使用 CANCommunicator 进行实际的 CAN 通信。
2026-02-28 16:32:57,520 - oak_vision_system.modules.can_communication.virtual_can_communicator - INFO - 配置信息: interface=socketcan, channel=can0, bitrate=250000
2026-02-28 16:32:57,520 - oak_vision_system.modules.can_communication.can_factory - INFO - CAN 通信器创建完成: VirtualCANCommunicator
2026-02-28 16:32:57,520 - __main__ - INFO -     [OK] CAN 通信器创建成功
2026-02-28 16:32:57,520 - __main__ - INFO - [OK] 所有模块创建完成
2026-02-28 16:32:57,521 - __main__ - INFO - 创建 SystemManager...
2026-02-28 16:32:57,521 - oak_vision_system.core.event_bus.event_bus - INFO - 订阅事件: event_type=SYSTEM_SHUTDOWN, subscription_id=SYSTEM_SHUTDOWN:2656435786048:1772267577521434900, priority=NORMAL, subscriber_name=_on_shutdown_event
2026-02-28 16:32:57,521 - oak_vision_system.core.system_manager.system_manager - INFO - SystemManager 初始化完成: default_stop_timeout=5.0s, force_exit_grace_period=3.0s
2026-02-28 16:32:57,521 - __main__ - INFO - [OK] SystemManager 创建成功
2026-02-28 16:32:57,521 - __main__ - INFO - 注册模块到 SystemManager...
2026-02-28 16:32:57,521 - oak_vision_system.core.system_manager.system_manager - INFO - 注册模块: collector (priority=10, state=not_started)
2026-02-28 16:32:57,522 - __main__ - INFO -   [OK] Collector 已注册（优先级: 10）
2026-02-28 16:32:57,522 - oak_vision_system.core.system_manager.system_manager - INFO - 注册模块: processor (priority=30, state=not_started)
2026-02-28 16:32:57,522 - __main__ - INFO -   [OK] Processor 已注册（优先级: 30）
2026-02-28 16:32:57,522 - oak_vision_system.core.system_manager.system_manager - INFO - 注册模块: display (priority=50, state=not_started)
2026-02-28 16:32:57,522 - oak_vision_system.core.system_manager.system_manager - INFO - 注册显示模块: display (priority=50, 需要主线程渲染)
2026-02-28 16:32:57,522 - __main__ - INFO -   [OK] Display 已注册（优先级: 50，主线程渲染）
2026-02-28 16:32:57,522 - oak_vision_system.core.system_manager.system_manager - INFO - 注册模块: can (priority=70, state=not_started)
2026-02-28 16:32:57,522 - __main__ - INFO -   [OK] CAN 已注册（优先级: 70）
2026-02-28 16:32:57,523 - __main__ - INFO - [OK] 所有模块注册完成
2026-02-28 16:32:57,523 - __main__ - INFO - ============================================================
2026-02-28 16:32:57,523 - __main__ - INFO - 启动系统...
2026-02-28 16:32:57,523 - __main__ - INFO - ============================================================
2026-02-28 16:32:57,523 - oak_vision_system.core.system_manager.system_manager - INFO - 开始启动所有模块...
2026-02-28 16:32:57,523 - oak_vision_system.core.system_manager.system_manager - INFO - 启动模块: can (priority=70)
2026-02-28 16:32:57,523 - oak_vision_system.modules.can_communication.virtual_can_communicator - INFO - 正在启动 VirtualCANCommunicator...
2026-02-28 16:32:57,524 - oak_vision_system.core.event_bus.event_bus - INFO - 订阅事件: event_type=person_warning, subscription_id=person_warning:2656436822592:1772267577524435000, priority=NORMAL, subscriber_name=_on_person_warning
2026-02-28 16:32:57,524 - oak_vision_system.modules.can_communication.virtual_can_communicator - INFO - ============================================================
2026-02-28 16:32:57,524 - oak_vision_system.modules.can_communication.virtual_can_communicator - INFO - 虚拟 CAN 通信器已启动
2026-02-28 16:32:57,524 - oak_vision_system.modules.can_communication.virtual_can_communicator - INFO - ============================================================
2026-02-28 16:32:57,524 - oak_vision_system.modules.can_communication.virtual_can_communicator - INFO - 功能说明:
2026-02-28 16:32:57,524 - oak_vision_system.modules.can_communication.virtual_can_communicator - INFO -   • 这是一个虚拟实现，用于开发和测试环境
2026-02-28 16:32:57,525 - oak_vision_system.modules.can_communication.virtual_can_communicator - INFO -   • 会订阅 PERSON_WARNING 事件并记录详细日志
2026-02-28 16:32:57,525 - oak_vision_system.modules.can_communication.virtual_can_communicator - INFO -   • 支持坐标请求模拟，调用真实的决策层接口
2026-02-28 16:32:57,525 - oak_vision_system.modules.can_communication.virtual_can_communicator - INFO -   • 维护统计计数器，帮助验证事件流
2026-02-28 16:32:57,525 - oak_vision_system.modules.can_communication.virtual_can_communicator - INFO - 
2026-02-28 16:32:57,525 - oak_vision_system.modules.can_communication.virtual_can_communicator - INFO - 真实环境行为说明:
2026-02-28 16:32:57,525 - oak_vision_system.modules.can_communication.virtual_can_communicator - INFO -   • 真实环境下会使用 CANCommunicator 连接实际的 CAN 总线
2026-02-28 16:32:57,525 - oak_vision_system.modules.can_communication.virtual_can_communicator - INFO -   • 会连接到 socketcan 接口
2026-02-28 16:32:57,526 - oak_vision_system.modules.can_communication.virtual_can_communicator - INFO -   • 使用通道 can0，波特率 250000
2026-02-28 16:32:57,526 - oak_vision_system.modules.can_communication.virtual_can_communicator - INFO -   • 会发送实际的 CAN 消息到硬件设备
2026-02-28 16:32:57,526 - oak_vision_system.modules.can_communication.virtual_can_communicator - INFO -   • 会接收来自硬件的坐标请求消息
2026-02-28 16:32:57,526 - oak_vision_system.modules.can_communication.virtual_can_communicator - INFO - 
2026-02-28 16:32:57,526 - oak_vision_system.modules.can_communication.virtual_can_communicator - INFO - 当前配置:
2026-02-28 16:32:57,526 - oak_vision_system.modules.can_communication.virtual_can_communicator - INFO -   • CAN 接口: socketcan
2026-02-28 16:32:57,526 - oak_vision_system.modules.can_communication.virtual_can_communicator - INFO -   • CAN 通道: can0
2026-02-28 16:32:57,526 - oak_vision_system.modules.can_communication.virtual_can_communicator - INFO -   • 波特率: 250000
2026-02-28 16:32:57,526 - oak_vision_system.modules.can_communication.virtual_can_communicator - INFO -   • 警报间隔: 500ms
2026-02-28 16:32:57,526 - oak_vision_system.modules.can_communication.virtual_can_communicator - INFO -   • 发送超时: 100ms
2026-02-28 16:32:57,527 - oak_vision_system.modules.can_communication.virtual_can_communicator - INFO - ============================================================
2026-02-28 16:32:57,527 - oak_vision_system.core.system_manager.system_manager - INFO - 模块启动成功: can
2026-02-28 16:32:57,527 - oak_vision_system.core.system_manager.system_manager - INFO - 启动模块: display (priority=50)
2026-02-28 16:32:57,527 - oak_vision_system.modules.display_modules.display_manager - INFO - 启动 RenderPacketPackager...
2026-02-28 16:32:57,528 - oak_vision_system.modules.display_modules.render_packet_packager - INFO - 渲染包打包工作线程已启动
2026-02-28 16:32:57,528 - oak_vision_system.modules.display_modules.display_manager - INFO - 初始化 DisplayRenderer（主线程渲染模式）...
2026-02-28 16:32:57,528 - oak_vision_system.modules.display_modules.display_renderer - INFO - DisplayRenderer 已初始化
2026-02-28 16:32:57,528 - oak_vision_system.modules.display_modules.display_manager - INFO - DisplayManager 已成功启动（主线程渲染模式）
2026-02-28 16:32:57,528 - oak_vision_system.core.system_manager.system_manager - INFO - 模块启动成功: display
2026-02-28 16:32:57,529 - oak_vision_system.core.system_manager.system_manager - INFO - 启动模块: processor (priority=30)
2026-02-28 16:32:57,529 - oak_vision_system.modules.data_processing.data_processor - INFO - DataProcessor 主循环开始
2026-02-28 16:32:57,529 - oak_vision_system.modules.data_processing.data_processor - INFO - DataProcessor 线程已启动
2026-02-28 16:32:57,529 - oak_vision_system.core.system_manager.system_manager - INFO - 模块启动成功: processor
2026-02-28 16:32:57,529 - oak_vision_system.core.system_manager.system_manager - INFO - 启动模块: collector (priority=10)
2026-02-28 16:33:03,990 - oak_vision_system.modules.data_collector.collector - INFO - 为设备 left_camera 创建 pipeline...
2026-02-28 16:33:03,990 - oak_vision_system.modules.data_collector.collector - INFO - 为设备 left_camera 创建带深度输出的 pipeline
2026-02-28 16:33:03,990 - oak_vision_system.modules.data_collector.pipelinemanager - INFO - create_pipeline_new: start (新版风格)
2026-02-28 16:33:04,026 - oak_vision_system.modules.data_collector.pipelinemanager - INFO - pipeline创建完成（新版风格）
2026-02-28 16:33:04,026 - oak_vision_system.modules.data_collector.collector - INFO - 设备 left_camera 的 pipeline 创建成功
2026-02-28 16:33:04,026 - oak_vision_system.modules.data_collector.collector - INFO - 尝试连接设备: MXID=19443010C122201300, USB2模式=True
2026-02-28 16:33:04,099 - oak_vision_system.modules.data_collector.collector - INFO - 为设备 right_camera 创建 pipeline...
2026-02-28 16:33:04,099 - oak_vision_system.core.system_manager.system_manager - INFO - 模块启动成功: collector
2026-02-28 16:33:04,100 - oak_vision_system.modules.data_collector.collector - INFO - 为设备 right_camera 创建带深度输出的 pipeline
2026-02-28 16:33:04,100 - oak_vision_system.core.system_manager.system_manager - INFO - 所有模块启动完成，共 4 个模块
2026-02-28 16:33:04,100 - oak_vision_system.modules.data_collector.pipelinemanager - INFO - create_pipeline_new: start (新版风格)
2026-02-28 16:33:04,100 - __main__ - INFO - [OK] 所有模块启动成功
2026-02-28 16:33:04,119 - oak_vision_system.modules.data_collector.pipelinemanager - INFO - pipeline创建完成（新版风格）
2026-02-28 16:33:04,119 - __main__ - INFO - 
2026-02-28 16:33:04,119 - oak_vision_system.modules.data_collector.collector - INFO - 设备 right_camera 的 pipeline 创建成功
2026-02-28 16:33:04,119 - __main__ - INFO - 系统运行中...
2026-02-28 16:33:04,120 - oak_vision_system.modules.data_collector.collector - INFO - 尝试连接设备: MXID=19443010F1221E1300, USB2模式=True
2026-02-28 16:33:04,120 - __main__ - INFO -   - 按 Ctrl+C 退出系统
2026-02-28 16:33:04,120 - __main__ - INFO -   - 按 'q' 键退出显示
2026-02-28 16:33:04,120 - __main__ - INFO -   - 按 'f' 键切换全屏
2026-02-28 16:33:04,120 - __main__ - INFO -   - 按 '1'/'2'/'3' 键切换显示模式
2026-02-28 16:33:04,120 - __main__ - INFO - 
2026-02-28 16:33:04,121 - oak_vision_system.core.system_manager.system_manager - INFO - SystemManager 开始运行，等待退出信号...
2026-02-28 16:33:04,121 - oak_vision_system.core.system_manager.system_manager - INFO - 退出方式: Ctrl+C 或 SYSTEM_SHUTDOWN 事件
2026-02-28 16:33:04,121 - oak_vision_system.core.system_manager.system_manager - INFO - 检测到显示模块，使用主线程渲染模式
2026-02-28 16:33:07,021 - oak_vision_system.modules.display_modules.display_renderer - INFO - 主窗口已创建: OAK Display
2026-02-28 16:33:09,943 - oak_vision_system.modules.data_collector.collector - WARNING - 启用深度模式但未提供深度数据: device=left_camera
2026-02-28 16:33:13,203 - oak_vision_system.modules.display_modules.display_renderer - INFO - 切换到设备角色 LEFT_CAMERA: 19443010C122201300
2026-02-28 16:33:13,816 - oak_vision_system.modules.display_modules.display_renderer - INFO - 切换到设备角色 RIGHT_CAMERA: 19443010F1221E1300
2026-02-28 16:33:14,425 - oak_vision_system.modules.display_modules.display_renderer - INFO - 切换到 Combined 模式
2026-02-28 16:33:15,165 - oak_vision_system.modules.display_modules.display_renderer - INFO - 切换到设备角色 LEFT_CAMERA: 19443010C122201300
2026-02-28 16:33:15,724 - oak_vision_system.modules.display_modules.display_renderer - INFO - 切换到设备角色 RIGHT_CAMERA: 19443010F1221E1300
2026-02-28 16:33:16,272 - oak_vision_system.modules.display_modules.display_renderer - INFO - 切换到 Combined 模式
2026-02-28 16:33:17,547 - oak_vision_system.modules.display_modules.display_renderer - INFO - 切换到全屏模式
2026-02-28 16:33:19,057 - oak_vision_system.modules.data_collector.collector - WARNING - 启用深度模式但未提供深度数据: device=right_camera
2026-02-28 16:33:21,520 - oak_vision_system.modules.data_collector.collector - WARNING - 启用深度模式但未提供深度数据: device=right_camera
2026-02-28 16:33:35,454 - oak_vision_system.modules.data_collector.collector - WARNING - 启用深度模式但未提供深度数据: device=left_camera
2026-02-28 16:33:37,827 - oak_vision_system.modules.display_modules.display_renderer - INFO - 用户按下 'q' 键
2026-02-28 16:33:37,827 - oak_vision_system.core.system_manager.system_manager - INFO - 显示模块请求退出（用户按下 'q' 键）
2026-02-28 16:33:37,827 - oak_vision_system.core.system_manager.system_manager - INFO - 接收到退出信号，准备关闭系统...
2026-02-28 16:33:37,827 - oak_vision_system.core.system_manager.system_manager - INFO - 执行统一关闭流程...
2026-02-28 16:33:37,827 - oak_vision_system.core.system_manager.system_manager - INFO - 开始关闭系统...
2026-02-28 16:33:37,828 - oak_vision_system.core.system_manager.system_manager - INFO - 停止模块: collector (priority=10)
2026-02-28 16:33:37,828 - oak_vision_system.modules.data_collector.collector - INFO - 正在停止 OAKDataCollector...
2026-02-28 16:33:40,070 - oak_vision_system.modules.data_collector.collector - INFO - OAKDataCollector 已停止
2026-02-28 16:33:40,070 - oak_vision_system.core.system_manager.system_manager - INFO - 模块停止成功: collector
2026-02-28 16:33:40,070 - oak_vision_system.core.system_manager.system_manager - INFO - 停止模块: processor (priority=30)
2026-02-28 16:33:40,071 - oak_vision_system.modules.data_processing.data_processor - INFO - 正在停止 DataProcessor...
2026-02-28 16:33:40,822 - oak_vision_system.modules.data_processing.data_processor - INFO - DataProcessor 主循环结束
2026-02-28 16:33:40,822 - oak_vision_system.modules.data_processing.data_processor - INFO - DataProcessor 已停止: dropped=0
2026-02-28 16:33:40,822 - oak_vision_system.core.system_manager.system_manager - INFO - 模块停止成功: processor
2026-02-28 16:33:40,822 - oak_vision_system.core.system_manager.system_manager - INFO - 停止模块: display (priority=50)
2026-02-28 16:33:40,822 - oak_vision_system.modules.display_modules.display_manager - INFO - 正在停止 DisplayManager...
2026-02-28 16:33:40,823 - oak_vision_system.modules.display_modules.display_manager - INFO - 清理 DisplayRenderer 资源...
2026-02-28 16:33:40,839 - oak_vision_system.modules.display_modules.display_renderer - INFO - DisplayRenderer 已清理 - 帧数: 500, 时长: 43.3s, 平均FPS: 11.5
2026-02-28 16:33:40,839 - oak_vision_system.modules.display_modules.display_manager - INFO - 停止 RenderPacketPackager...
2026-02-28 16:33:40,839 - oak_vision_system.modules.display_modules.render_packet_packager - INFO - 正在停止 RenderPacketPackager...
2026-02-28 16:33:40,945 - oak_vision_system.core.event_bus.event_bus - INFO - 取消订阅: event_type=raw_frame_data, subscription_id=raw_frame_data:2655585193216:1772267577518930200
2026-02-28 16:33:40,946 - oak_vision_system.core.event_bus.event_bus - INFO - 取消订阅: event_type=processed_data, subscription_id=processed_data:2655585192448:1772267577518930200
2026-02-28 16:33:40,946 - oak_vision_system.modules.display_modules.render_packet_packager - INFO - RenderPacketPackager 已停止 - 渲染包: 959, 丢弃: 8, 成功率: 99.2%
2026-02-28 16:33:40,946 - oak_vision_system.modules.display_modules.display_manager - INFO - DisplayManager 已停止，统计数据: {'packager': {'render_packets': 959, 'drops': 8}, 'queue_stats': {'19443010C122201300': {'size': 0, 'maxsize': 8, 'usage_ratio': 0.0, 'drop_count': 10}, '19443010F1221E1300': {'size': 0, 'maxsize': 8, 'usage_ratio': 0.0, 'drop_count': 10}}, 'total_queue_drops': 20, 'total_drops': 28, 'renderer': {'frames_rendered': 500, 'fps': 16.198054559234567, 'fps_history': [0.0, 16.132516284838086, 16.20757250119367, 16.22650073493196, 16.078974474225884, 16.21690961028253, 16.304463990480034, 16.162539536394036, 16.018622112612988, 16.16308348009048, 16.28789900991877, 16.226904861963792, 16.25362576307475, 16.119794366455654, 15.994825892503036, 16.536750969958096, 16.167693938517875, 16.18054622263082, 16.059900542279102, 16.286444357346802, 16.220409879849466, 16.15235410526093, 16.250197712874897, 16.07372530158805, 16.239914372991, 16.425577242394812, 16.178287700194932, 15.82755430060161, 16.417428063977923, 16.198054559234567], 'avg_fps': 15.653635729622216, 'min_fps': 0.0, 'max_fps': 16.536750969958096, 'runtime_sec': 43.41774010658264}}
2026-02-28 16:33:40,946 - oak_vision_system.modules.display_modules.display_manager - INFO - DisplayManager 已成功停止
2026-02-28 16:33:40,947 - oak_vision_system.core.system_manager.system_manager - INFO - 模块停止成功: display
2026-02-28 16:33:40,947 - oak_vision_system.core.system_manager.system_manager - INFO - 停止模块: can (priority=70)
2026-02-28 16:33:40,947 - oak_vision_system.modules.can_communication.virtual_can_communicator - INFO - 正在停止 VirtualCANCommunicator...
2026-02-28 16:33:40,947 - oak_vision_system.core.event_bus.event_bus - INFO - 取消订阅: event_type=person_warning, subscription_id=person_warning:2656436822592:1772267577524435000
2026-02-28 16:33:40,947 - oak_vision_system.modules.can_communication.virtual_can_communicator - INFO - 已取消 PERSON_WARNING 事件订阅
2026-02-28 16:33:40,947 - oak_vision_system.modules.can_communication.virtual_can_communicator - INFO - ============================================================
2026-02-28 16:33:40,947 - oak_vision_system.modules.can_communication.virtual_can_communicator - INFO - 虚拟 CAN 通信器已停止
2026-02-28 16:33:40,947 - oak_vision_system.modules.can_communication.virtual_can_communicator - INFO - ============================================================
2026-02-28 16:33:40,948 - oak_vision_system.modules.can_communication.virtual_can_communicator - INFO - 运行统计:
2026-02-28 16:33:40,948 - oak_vision_system.modules.can_communication.virtual_can_communicator - INFO -   • 警报触发次数: 0
2026-02-28 16:33:40,948 - oak_vision_system.modules.can_communication.virtual_can_communicator - INFO -   • 警报清除次数: 0
2026-02-28 16:33:40,948 - oak_vision_system.modules.can_communication.virtual_can_communicator - INFO -   • 坐标请求次数: 0
2026-02-28 16:33:40,948 - oak_vision_system.modules.can_communication.virtual_can_communicator - INFO -   • 当前警报状态: 非活跃
2026-02-28 16:33:40,948 - oak_vision_system.modules.can_communication.virtual_can_communicator - INFO - 
2026-02-28 16:33:40,948 - oak_vision_system.modules.can_communication.virtual_can_communicator - INFO - 真实环境行为说明:
2026-02-28 16:33:40,949 - oak_vision_system.modules.can_communication.virtual_can_communicator - INFO -   • 真实环境下会停止 CAN 总线连接
2026-02-28 16:33:40,949 - oak_vision_system.modules.can_communication.virtual_can_communicator - INFO -   • 会停止警报定时器线程
2026-02-28 16:33:40,949 - oak_vision_system.modules.can_communication.virtual_can_communicator - INFO -   • 会关闭 CAN 消息监听器
2026-02-28 16:33:40,949 - oak_vision_system.modules.can_communication.virtual_can_communicator - INFO -   • 会清理所有 CAN 相关资源
2026-02-28 16:33:40,949 - oak_vision_system.modules.can_communication.virtual_can_communicator - INFO -   • 会重置 CAN 接口配置（如果启用了自动配置）
2026-02-28 16:33:40,949 - oak_vision_system.modules.can_communication.virtual_can_communicator - INFO - ============================================================
2026-02-28 16:33:40,949 - oak_vision_system.core.system_manager.system_manager - INFO - 模块停止成功: can
2026-02-28 16:33:40,949 - oak_vision_system.core.system_manager.system_manager - INFO - 关闭事件总线...
2026-02-28 16:33:40,949 - oak_vision_system.core.system_manager.system_manager - INFO - 事件总线关闭成功
2026-02-28 16:33:40,949 - oak_vision_system.core.system_manager.system_manager - INFO - SystemManager 关闭完成
2026-02-28 16:33:40,949 - __main__ - INFO - ============================================================
2026-02-28 16:33:40,950 - __main__ - INFO - 系统已关闭
2026-02-28 16:33:40,950 - __main__ - INFO - ============================================================
2026-03-02 17:44:15,075 - __main__ - INFO - ============================================================
2026-03-02 17:44:15,075 - __main__ - INFO - OAK Vision System 启动
2026-03-02 17:44:15,075 - __main__ - INFO - ============================================================
2026-03-02 17:44:15,075 - __main__ - INFO - 配置参数:
2026-03-02 17:44:15,075 - __main__ - INFO -   - 配置文件: assets/test_config/config.json
2026-03-02 17:44:15,075 - __main__ - INFO -   - 虚拟 CAN: True
2026-03-02 17:44:15,075 - __main__ - INFO -   - 调试模式: True
2026-03-02 17:44:15,076 - __main__ - INFO -   - 无头模式: False
2026-03-02 17:44:15,076 - __main__ - INFO - 
2026-03-02 17:44:15,076 - __main__ - INFO - 加载配置文件: assets/test_config/config.json
2026-03-02 17:44:15,076 - oak_vision_system.modules.config_manager.device_config_manager - INFO - 检测到配置文件格式: json, path=assets\test_config\config.json
2026-03-02 17:44:15,077 - oak_vision_system.modules.config_manager.device_config_manager - INFO - 配置已加载: path=assets\test_config\config.json, format=json
2026-03-02 17:44:15,077 - oak_vision_system.modules.config_manager.device_config_manager - DEBUG - 所有 active_mxid 已经为 None，跳过清空操作
2026-03-02 17:44:15,077 - oak_vision_system.modules.config_manager.device_config_manager - INFO - 加载后已清空 active_mxid，准备基于在线设备重新匹配
2026-03-02 17:44:15,077 - oak_vision_system.modules.config_manager.device_discovery - INFO - 开始发现OAK设备
2026-03-02 17:44:15,617 - oak_vision_system.modules.config_manager.device_discovery - DEBUG - 检测到候选设备数量: 2
2026-03-02 17:44:15,617 - oak_vision_system.modules.config_manager.device_discovery - DEBUG - 处理设备[19443010C122201300] 状态: UNBOOTED -> connected
2026-03-02 17:44:19,268 - oak_vision_system.modules.config_manager.device_discovery - DEBUG - 设备[19443010C122201300] 产品名: OAK-D S2 AF
2026-03-02 17:44:19,268 - oak_vision_system.modules.config_manager.device_discovery - DEBUG - 处理设备[19443010F1221E1300] 状态: UNBOOTED -> connected
2026-03-02 17:44:22,920 - oak_vision_system.modules.config_manager.device_discovery - DEBUG - 设备[19443010F1221E1300] 产品名: OAK-D-S2-FF
2026-03-02 17:44:22,920 - oak_vision_system.modules.config_manager.device_discovery - INFO - 发现OAK设备 2 台
2026-03-02 17:44:22,921 - oak_vision_system.modules.config_manager.device_config_manager - INFO - 发现 2 个在线设备
2026-03-02 17:44:22,922 - oak_vision_system.modules.config_manager.device_match - DEBUG - 校验通过
2026-03-02 17:44:22,922 - oak_vision_system.modules.config_manager.device_match - INFO - Start binding devices to roles.
2026-03-02 17:44:22,923 - oak_vision_system.modules.config_manager.device_match - INFO - 成功更新 left_camera 的绑定配置
2026-03-02 17:44:22,923 - oak_vision_system.modules.config_manager.device_match - INFO - 成功绑定 left_camera 到设备 19443010C122201300
2026-03-02 17:44:22,924 - oak_vision_system.modules.config_manager.device_match - INFO - 成功更新 right_camera 的绑定配置
2026-03-02 17:44:22,924 - oak_vision_system.modules.config_manager.device_match - INFO - 成功绑定 right_camera 到设备 19443010F1221E1300
2026-03-02 17:44:22,924 - oak_vision_system.modules.config_manager.device_match - DEBUG - 自动绑定候选: unmatched=0, available=0
2026-03-02 17:44:22,925 - oak_vision_system.modules.config_manager.device_match - INFO - update match_result
2026-03-02 17:44:22,925 - oak_vision_system.modules.config_manager.device_match - DEBUG - match_result 统计: matched=2, unmatched=0, available=0
2026-03-02 17:44:22,926 - oak_vision_system.modules.config_manager.device_match - INFO - update result_type to full_match
2026-03-02 17:44:22,926 - oak_vision_system.modules.config_manager.device_match - INFO - 设备匹配完成: result=full_match, matched=2/2, available=0
2026-03-02 17:44:22,927 - oak_vision_system.modules.config_manager.device_config_manager - INFO - 设备匹配完成: full_match, 已匹配=2/2
2026-03-02 17:44:22,928 - oak_vision_system.modules.config_manager.device_config_manager - INFO - 已晋升当前草稿为可运行配置
2026-03-02 17:44:22,929 - oak_vision_system.modules.config_manager.device_config_manager - INFO - 配置已验证并晋升为可运行配置
2026-03-02 17:44:22,930 - __main__ - INFO - [OK] 配置加载成功
2026-03-02 17:44:22,931 - __main__ - INFO - 创建模块实例...
2026-03-02 17:44:22,931 - __main__ - INFO -   - 创建 OAKDataCollector...
2026-03-02 17:44:22,932 - oak_vision_system.modules.data_collector.pipelinemanager - INFO - PipelineManager 初始化完成（工厂模式，无状态）
2026-03-02 17:44:22,933 - oak_vision_system.modules.data_collector.collector - INFO - 设备可用性检查通过: 2/2 个设备可用
2026-03-02 17:44:22,933 - oak_vision_system.core.event_bus.event_bus - INFO - 订阅事件: event_type=backpressure_signal, subscription_id=backpressure_signal:1308162029312:1772444662933081400, priority=NORMAL, subscriber_name=OAKDataCollector._handle_backpressure_signal
2026-03-02 17:44:22,934 - __main__ - INFO -     [OK] OAKDataCollector 创建成功
2026-03-02 17:44:22,935 - __main__ - INFO -   - 创建 DataProcessor...
2026-03-02 17:44:23,002 - oak_vision_system.modules.data_processing.decision_layer.decision_layer - INFO - 决策层初始化完成: person_labels=[0], d_in=3000.00, d_out=3050.00, T_warn=3.00, T_clear=3.00
2026-03-02 17:44:23,003 - oak_vision_system.core.event_bus.event_bus - INFO - 订阅事件: event_type=raw_detection_data, subscription_id=raw_detection_data:1308162028544:1772444663003429100, priority=NORMAL, subscriber_name=DataProcessor._on_detection_data_received
2026-03-02 17:44:23,003 - oak_vision_system.modules.data_processing.data_processor - INFO - 已订阅 RAW_DETECTION_DATA 事件
2026-03-02 17:44:23,003 - oak_vision_system.core.backpressure.monitor - INFO - 注册队列: data_processor_queue_1308161924048, watermarks=Watermarks(high=8, low=5)
2026-03-02 17:44:23,003 - oak_vision_system.core.backpressure.monitor - INFO - BackpressureMonitor started, interval=50ms
2026-03-02 17:44:23,004 - oak_vision_system.core.backpressure.monitor - INFO - 背压事件: queue=data_processor_queue_1308161924048 action=BackpressureAction.NORMAL reason=queue_ok usage=0.00 drops=0 level=low state=1
2026-03-02 17:44:23,004 - oak_vision_system.modules.data_processing.data_processor - INFO - DataProcessor 初始化完成: devices=2, labels=2, queue_size=10, decision_layer_initialized=True
2026-03-02 17:44:23,004 - __main__ - INFO -     [OK] DataProcessor 创建成功
2026-03-02 17:44:23,005 - __main__ - INFO -   - 创建 DisplayManager...
2026-03-02 17:44:23,005 - oak_vision_system.core.event_bus.event_bus - INFO - 订阅事件: event_type=raw_frame_data, subscription_id=raw_frame_data:1308162017728:1772444663005382600, priority=NORMAL, subscriber_name=RenderPacketPackager._handle_video_frame
2026-03-02 17:44:23,005 - oak_vision_system.core.event_bus.event_bus - INFO - 订阅事件: event_type=processed_data, subscription_id=processed_data:1308162016832:1772444663005900700, priority=NORMAL, subscriber_name=RenderPacketPackager._handle_processed_data
2026-03-02 17:44:23,005 - oak_vision_system.modules.display_modules.render_packet_packager - INFO - 渲染包打包器已初始化，队列最大长度: 8, 超时时间: 0.20 秒, 缓存最大年龄: 1.00 秒
2026-03-02 17:44:23,005 - oak_vision_system.modules.display_modules.display_renderer - INFO - DisplayRenderer 初始化完成 - 设备数: 2, FPS: 20, 角色绑定数: 2, 深度输出: 启用
2026-03-02 17:44:23,005 - oak_vision_system.modules.display_modules.display_manager - INFO - DisplayManager 已初始化，设备数量: 2, enable_display: True, 角色绑定数: 2, 深度输出: 启用
2026-03-02 17:44:23,005 - __main__ - INFO -     [OK] DisplayManager 创建成功
2026-03-02 17:44:23,005 - __main__ - INFO -   - 创建 CAN 通信器...
2026-03-02 17:44:23,006 - __main__ - INFO -     使用虚拟 CAN 模式（enable_can=False）
2026-03-02 17:44:23,006 - oak_vision_system.modules.can_communication.can_factory - INFO - 创建 CAN 通信器: enable_can=False, interface=socketcan, channel=can0, bitrate=250000
2026-03-02 17:44:23,006 - oak_vision_system.modules.can_communication.can_factory - INFO - enable_can=False，创建虚拟 CAN 通信器 (VirtualCANCommunicator)
2026-03-02 17:44:23,006 - oak_vision_system.modules.can_communication.virtual_can_communicator - INFO - VirtualCANCommunicator 已初始化 - 这是一个虚拟实现，用于开发和测试环境。真实环境下会使用 CANCommunicator 进行实际的 CAN 通信。
2026-03-02 17:44:23,006 - oak_vision_system.modules.can_communication.virtual_can_communicator - INFO - 配置信息: interface=socketcan, channel=can0, bitrate=250000
2026-03-02 17:44:23,006 - oak_vision_system.modules.can_communication.can_factory - INFO - CAN 通信器创建完成: VirtualCANCommunicator
2026-03-02 17:44:23,006 - __main__ - INFO -     [OK] CAN 通信器创建成功
2026-03-02 17:44:23,007 - __main__ - INFO - [OK] 所有模块创建完成
2026-03-02 17:44:23,007 - __main__ - INFO - 创建 SystemManager...
2026-03-02 17:44:23,007 - oak_vision_system.core.event_bus.event_bus - INFO - 订阅事件: event_type=SYSTEM_SHUTDOWN, subscription_id=SYSTEM_SHUTDOWN:1309941281088:1772444663007911200, priority=NORMAL, subscriber_name=_on_shutdown_event
2026-03-02 17:44:23,007 - oak_vision_system.core.system_manager.system_manager - INFO - SystemManager 初始化完成: default_stop_timeout=5.0s, force_exit_grace_period=3.0s
2026-03-02 17:44:23,007 - __main__ - INFO - [OK] SystemManager 创建成功
2026-03-02 17:44:23,007 - __main__ - INFO - 注册模块到 SystemManager...
2026-03-02 17:44:23,007 - oak_vision_system.core.system_manager.system_manager - INFO - 注册模块: collector (priority=10, state=not_started)
2026-03-02 17:44:23,008 - __main__ - INFO -   [OK] Collector 已注册（优先级: 10）
2026-03-02 17:44:23,008 - oak_vision_system.core.system_manager.system_manager - INFO - 注册模块: processor (priority=30, state=not_started)
2026-03-02 17:44:23,008 - __main__ - INFO -   [OK] Processor 已注册（优先级: 30）
2026-03-02 17:44:23,008 - oak_vision_system.core.system_manager.system_manager - INFO - 注册模块: display (priority=50, state=not_started)
2026-03-02 17:44:23,008 - oak_vision_system.core.system_manager.system_manager - INFO - 注册显示模块: display (priority=50, 需要主线程渲染)
2026-03-02 17:44:23,008 - __main__ - INFO -   [OK] Display 已注册（优先级: 50，主线程渲染）
2026-03-02 17:44:23,008 - oak_vision_system.core.system_manager.system_manager - INFO - 注册模块: can (priority=70, state=not_started)
2026-03-02 17:44:23,009 - __main__ - INFO -   [OK] CAN 已注册（优先级: 70）
2026-03-02 17:44:23,009 - __main__ - INFO - [OK] 所有模块注册完成
2026-03-02 17:44:23,009 - __main__ - INFO - ============================================================
2026-03-02 17:44:23,009 - __main__ - INFO - 启动系统...
2026-03-02 17:44:23,010 - __main__ - INFO - ============================================================
2026-03-02 17:44:23,010 - oak_vision_system.core.system_manager.system_manager - INFO - 开始启动所有模块...
2026-03-02 17:44:23,010 - oak_vision_system.core.system_manager.system_manager - INFO - 启动模块: can (priority=70)
2026-03-02 17:44:23,011 - oak_vision_system.modules.can_communication.virtual_can_communicator - INFO - 正在启动 VirtualCANCommunicator...
2026-03-02 17:44:23,011 - oak_vision_system.core.event_bus.event_bus - INFO - 订阅事件: event_type=person_warning, subscription_id=person_warning:1309950812736:1772444663011057600, priority=NORMAL, subscriber_name=_on_person_warning
2026-03-02 17:44:23,011 - oak_vision_system.modules.can_communication.virtual_can_communicator - INFO - ============================================================
2026-03-02 17:44:23,011 - oak_vision_system.modules.can_communication.virtual_can_communicator - INFO - 虚拟 CAN 通信器已启动
2026-03-02 17:44:23,011 - oak_vision_system.modules.can_communication.virtual_can_communicator - INFO - ============================================================
2026-03-02 17:44:23,011 - oak_vision_system.modules.can_communication.virtual_can_communicator - INFO - 功能说明:
2026-03-02 17:44:23,012 - oak_vision_system.modules.can_communication.virtual_can_communicator - INFO -   • 这是一个虚拟实现，用于开发和测试环境
2026-03-02 17:44:23,012 - oak_vision_system.modules.can_communication.virtual_can_communicator - INFO -   • 会订阅 PERSON_WARNING 事件并记录详细日志
2026-03-02 17:44:23,012 - oak_vision_system.modules.can_communication.virtual_can_communicator - INFO -   • 支持坐标请求模拟，调用真实的决策层接口
2026-03-02 17:44:23,012 - oak_vision_system.modules.can_communication.virtual_can_communicator - INFO -   • 维护统计计数器，帮助验证事件流
2026-03-02 17:44:23,012 - oak_vision_system.modules.can_communication.virtual_can_communicator - INFO - 
2026-03-02 17:44:23,012 - oak_vision_system.modules.can_communication.virtual_can_communicator - INFO - 真实环境行为说明:
2026-03-02 17:44:23,012 - oak_vision_system.modules.can_communication.virtual_can_communicator - INFO -   • 真实环境下会使用 CANCommunicator 连接实际的 CAN 总线
2026-03-02 17:44:23,013 - oak_vision_system.modules.can_communication.virtual_can_communicator - INFO -   • 会连接到 socketcan 接口
2026-03-02 17:44:23,013 - oak_vision_system.modules.can_communication.virtual_can_communicator - INFO -   • 使用通道 can0，波特率 250000
2026-03-02 17:44:23,013 - oak_vision_system.modules.can_communication.virtual_can_communicator - INFO -   • 会发送实际的 CAN 消息到硬件设备
2026-03-02 17:44:23,013 - oak_vision_system.modules.can_communication.virtual_can_communicator - INFO -   • 会接收来自硬件的坐标请求消息
2026-03-02 17:44:23,013 - oak_vision_system.modules.can_communication.virtual_can_communicator - INFO - 
2026-03-02 17:44:23,013 - oak_vision_system.modules.can_communication.virtual_can_communicator - INFO - 当前配置:
2026-03-02 17:44:23,013 - oak_vision_system.modules.can_communication.virtual_can_communicator - INFO -   • CAN 接口: socketcan
2026-03-02 17:44:23,014 - oak_vision_system.modules.can_communication.virtual_can_communicator - INFO -   • CAN 通道: can0
2026-03-02 17:44:23,014 - oak_vision_system.modules.can_communication.virtual_can_communicator - INFO -   • 波特率: 250000
2026-03-02 17:44:23,014 - oak_vision_system.modules.can_communication.virtual_can_communicator - INFO -   • 警报间隔: 500ms
2026-03-02 17:44:23,014 - oak_vision_system.modules.can_communication.virtual_can_communicator - INFO -   • 发送超时: 100ms
2026-03-02 17:44:23,014 - oak_vision_system.modules.can_communication.virtual_can_communicator - INFO - ============================================================
2026-03-02 17:44:23,014 - oak_vision_system.core.system_manager.system_manager - INFO - 模块启动成功: can
2026-03-02 17:44:23,015 - oak_vision_system.core.system_manager.system_manager - INFO - 启动模块: display (priority=50)
2026-03-02 17:44:23,015 - oak_vision_system.modules.display_modules.display_manager - INFO - 启动 RenderPacketPackager...
2026-03-02 17:44:23,015 - oak_vision_system.modules.display_modules.render_packet_packager - INFO - 渲染包打包工作线程已启动
2026-03-02 17:44:23,015 - oak_vision_system.modules.display_modules.display_manager - INFO - 初始化 DisplayRenderer（主线程渲染模式）...
2026-03-02 17:44:23,015 - oak_vision_system.modules.display_modules.display_renderer - INFO - DisplayRenderer 已初始化
2026-03-02 17:44:23,016 - oak_vision_system.modules.display_modules.display_manager - INFO - DisplayManager 已成功启动（主线程渲染模式）
2026-03-02 17:44:23,016 - oak_vision_system.core.system_manager.system_manager - INFO - 模块启动成功: display
2026-03-02 17:44:23,016 - oak_vision_system.core.system_manager.system_manager - INFO - 启动模块: processor (priority=30)
2026-03-02 17:44:23,016 - oak_vision_system.modules.data_processing.data_processor - INFO - DataProcessor 主循环开始
2026-03-02 17:44:23,016 - oak_vision_system.modules.data_processing.data_processor - INFO - DataProcessor 线程已启动
2026-03-02 17:44:23,016 - oak_vision_system.core.system_manager.system_manager - INFO - 模块启动成功: processor
2026-03-02 17:44:23,017 - oak_vision_system.core.system_manager.system_manager - INFO - 启动模块: collector (priority=10)
2026-03-02 17:44:28,039 - oak_vision_system.modules.data_collector.collector - INFO - 为设备 left_camera 创建 pipeline...
2026-03-02 17:44:28,039 - oak_vision_system.modules.data_collector.collector - INFO - 为设备 left_camera 创建带深度输出的 pipeline
2026-03-02 17:44:28,039 - oak_vision_system.modules.data_collector.pipelinemanager - INFO - create_pipeline_new: start (新版风格)
2026-03-02 17:44:28,099 - oak_vision_system.modules.data_collector.pipelinemanager - INFO - pipeline创建完成（新版风格）
2026-03-02 17:44:28,100 - oak_vision_system.modules.data_collector.collector - INFO - 设备 left_camera 的 pipeline 创建成功
2026-03-02 17:44:28,100 - oak_vision_system.modules.data_collector.collector - INFO - 尝试连接设备: MXID=19443010C122201300, USB2模式=True
2026-03-02 17:44:28,146 - oak_vision_system.modules.data_collector.collector - INFO - 为设备 right_camera 创建 pipeline...
2026-03-02 17:44:28,146 - oak_vision_system.core.system_manager.system_manager - INFO - 模块启动成功: collector
2026-03-02 17:44:28,146 - oak_vision_system.modules.data_collector.collector - INFO - 为设备 right_camera 创建带深度输出的 pipeline
2026-03-02 17:44:28,146 - oak_vision_system.core.system_manager.system_manager - INFO - 所有模块启动完成，共 4 个模块
2026-03-02 17:44:28,147 - oak_vision_system.modules.data_collector.pipelinemanager - INFO - create_pipeline_new: start (新版风格)
2026-03-02 17:44:28,147 - __main__ - INFO - [OK] 所有模块启动成功
2026-03-02 17:44:28,163 - oak_vision_system.modules.data_collector.pipelinemanager - INFO - pipeline创建完成（新版风格）
2026-03-02 17:44:28,163 - __main__ - INFO - 
2026-03-02 17:44:28,163 - oak_vision_system.modules.data_collector.collector - INFO - 设备 right_camera 的 pipeline 创建成功
2026-03-02 17:44:28,163 - __main__ - INFO - 系统运行中...
2026-03-02 17:44:28,163 - oak_vision_system.modules.data_collector.collector - INFO - 尝试连接设备: MXID=19443010F1221E1300, USB2模式=True
2026-03-02 17:44:28,163 - __main__ - INFO -   - 按 Ctrl+C 退出系统
2026-03-02 17:44:28,164 - __main__ - INFO -   - 按 'q' 键退出显示
2026-03-02 17:44:28,164 - __main__ - INFO -   - 按 'f' 键切换全屏
2026-03-02 17:44:28,164 - __main__ - INFO -   - 按 '1'/'2'/'3' 键切换显示模式
2026-03-02 17:44:28,164 - __main__ - INFO - 
2026-03-02 17:44:28,164 - oak_vision_system.core.system_manager.system_manager - INFO - SystemManager 开始运行，等待退出信号...
2026-03-02 17:44:28,164 - oak_vision_system.core.system_manager.system_manager - INFO - 退出方式: Ctrl+C 或 SYSTEM_SHUTDOWN 事件
2026-03-02 17:44:28,164 - oak_vision_system.core.system_manager.system_manager - INFO - 检测到显示模块，使用主线程渲染模式
2026-03-02 17:44:30,895 - oak_vision_system.modules.display_modules.display_renderer - INFO - 主窗口已创建: OAK Display
2026-03-02 17:44:31,079 - oak_vision_system.modules.data_collector.collector - WARNING - 启用深度模式但未提供深度数据: device=right_camera
2026-03-02 17:44:46,379 - oak_vision_system.modules.data_collector.collector - WARNING - 启用深度模式但未提供深度数据: device=right_camera
2026-03-02 17:44:47,362 - oak_vision_system.modules.data_collector.collector - WARNING - 启用深度模式但未提供深度数据: device=right_camera
2026-03-02 17:44:53,623 - oak_vision_system.modules.display_modules.display_renderer - INFO - 切换到设备角色 LEFT_CAMERA: 19443010C122201300
2026-03-02 17:44:54,481 - oak_vision_system.modules.display_modules.display_renderer - INFO - 切换到设备角色 RIGHT_CAMERA: 19443010F1221E1300
2026-03-02 17:44:55,990 - oak_vision_system.modules.display_modules.display_renderer - INFO - 切换到全屏模式
2026-03-02 17:44:56,827 - oak_vision_system.modules.display_modules.display_renderer - INFO - 切换到设备角色 LEFT_CAMERA: 19443010C122201300
2026-03-02 17:44:57,812 - oak_vision_system.modules.data_collector.collector - WARNING - 启用深度模式但未提供深度数据: device=left_camera
2026-03-02 17:44:59,231 - oak_vision_system.modules.display_modules.display_renderer - INFO - 切换到设备角色 RIGHT_CAMERA: 19443010F1221E1300
2026-03-02 17:45:00,221 - oak_vision_system.modules.display_modules.display_renderer - INFO - 切换到 Combined 模式
2026-03-02 17:45:00,962 - oak_vision_system.modules.display_modules.display_renderer - INFO - 切换到设备角色 LEFT_CAMERA: 19443010C122201300
2026-03-02 17:45:01,398 - oak_vision_system.modules.display_modules.display_renderer - INFO - 切换到设备角色 RIGHT_CAMERA: 19443010F1221E1300
2026-03-02 17:45:01,647 - oak_vision_system.modules.display_modules.display_renderer - INFO - 切换到 Combined 模式
2026-03-02 17:45:01,821 - oak_vision_system.modules.display_modules.display_renderer - INFO - 切换到设备角色 LEFT_CAMERA: 19443010C122201300
2026-03-02 17:45:02,689 - oak_vision_system.modules.display_modules.display_renderer - INFO - 切换到窗口模式
2026-03-02 17:45:02,748 - oak_vision_system.modules.data_collector.collector - WARNING - 启用深度模式但未提供深度数据: device=left_camera
2026-03-02 17:45:04,097 - oak_vision_system.modules.display_modules.display_renderer - INFO - 切换到全屏模式
2026-03-02 17:45:04,533 - oak_vision_system.modules.data_collector.collector - WARNING - 启用深度模式但未提供深度数据: device=left_camera
2026-03-02 17:45:05,152 - oak_vision_system.modules.display_modules.display_renderer - INFO - 切换到窗口模式
2026-03-02 17:45:05,579 - oak_vision_system.modules.display_modules.display_renderer - INFO - 切换到设备角色 LEFT_CAMERA: 19443010C122201300
2026-03-02 17:45:06,090 - oak_vision_system.modules.data_collector.collector - WARNING - 启用深度模式但未提供深度数据: device=right_camera
2026-03-02 17:45:06,126 - oak_vision_system.modules.display_modules.display_renderer - INFO - 切换到设备角色 RIGHT_CAMERA: 19443010F1221E1300
2026-03-02 17:45:06,440 - oak_vision_system.modules.display_modules.display_renderer - INFO - 切换到 Combined 模式
2026-03-02 17:45:06,812 - oak_vision_system.modules.display_modules.display_renderer - INFO - 切换到设备角色 LEFT_CAMERA: 19443010C122201300
2026-03-02 17:45:07,115 - oak_vision_system.modules.display_modules.display_renderer - INFO - 切换到 Combined 模式
2026-03-02 17:45:07,367 - oak_vision_system.modules.display_modules.display_renderer - INFO - 切换到设备角色 RIGHT_CAMERA: 19443010F1221E1300
2026-03-02 17:45:07,677 - oak_vision_system.modules.display_modules.display_renderer - INFO - 切换到设备角色 LEFT_CAMERA: 19443010C122201300
2026-03-02 17:45:08,375 - oak_vision_system.modules.data_collector.collector - WARNING - 启用深度模式但未提供深度数据: device=right_camera
2026-03-02 17:45:08,543 - oak_vision_system.modules.display_modules.display_renderer - INFO - 切换到 Combined 模式
2026-03-02 17:45:08,788 - oak_vision_system.modules.display_modules.display_renderer - INFO - 切换到设备角色 RIGHT_CAMERA: 19443010F1221E1300
2026-03-02 17:45:08,975 - oak_vision_system.modules.display_modules.display_renderer - INFO - 切换到设备角色 LEFT_CAMERA: 19443010C122201300
2026-03-02 17:45:09,721 - oak_vision_system.modules.display_modules.display_renderer - INFO - 切换到设备角色 RIGHT_CAMERA: 19443010F1221E1300
2026-03-02 17:45:10,031 - oak_vision_system.modules.display_modules.display_renderer - INFO - 切换到设备角色 RIGHT_CAMERA: 19443010F1221E1300
2026-03-02 17:45:10,395 - oak_vision_system.modules.display_modules.display_renderer - INFO - 切换到设备角色 LEFT_CAMERA: 19443010C122201300
2026-03-02 17:45:10,585 - oak_vision_system.modules.display_modules.display_renderer - INFO - 切换到 Combined 模式
2026-03-02 17:45:10,907 - oak_vision_system.modules.display_modules.display_renderer - INFO - 切换到设备角色 RIGHT_CAMERA: 19443010F1221E1300
2026-03-02 17:45:11,073 - oak_vision_system.modules.display_modules.display_renderer - INFO - 切换到设备角色 LEFT_CAMERA: 19443010C122201300
2026-03-02 17:45:12,681 - oak_vision_system.modules.display_modules.display_renderer - INFO - 用户按下 'q' 键
2026-03-02 17:45:12,682 - oak_vision_system.core.system_manager.system_manager - INFO - 显示模块请求退出（用户按下 'q' 键）
2026-03-02 17:45:12,682 - oak_vision_system.core.system_manager.system_manager - INFO - 接收到退出信号，准备关闭系统...
2026-03-02 17:45:12,682 - oak_vision_system.core.system_manager.system_manager - INFO - 执行统一关闭流程...
2026-03-02 17:45:12,682 - oak_vision_system.core.system_manager.system_manager - INFO - 开始关闭系统...
2026-03-02 17:45:12,682 - oak_vision_system.core.system_manager.system_manager - INFO - 停止模块: collector (priority=10)
2026-03-02 17:45:12,683 - oak_vision_system.modules.data_collector.collector - INFO - 正在停止 OAKDataCollector...
2026-03-02 17:45:18,196 - oak_vision_system.modules.data_collector.collector - INFO - OAKDataCollector 已停止
2026-03-02 17:45:18,197 - oak_vision_system.core.system_manager.system_manager - INFO - 模块停止成功: collector
2026-03-02 17:45:18,197 - oak_vision_system.core.system_manager.system_manager - INFO - 停止模块: processor (priority=30)
2026-03-02 17:45:18,198 - oak_vision_system.modules.data_processing.data_processor - INFO - 正在停止 DataProcessor...
2026-03-02 17:45:18,684 - oak_vision_system.modules.data_processing.data_processor - INFO - DataProcessor 主循环结束
2026-03-02 17:45:18,685 - oak_vision_system.modules.data_processing.data_processor - INFO - DataProcessor 已停止: dropped=0
2026-03-02 17:45:18,685 - oak_vision_system.core.system_manager.system_manager - INFO - 模块停止成功: processor
2026-03-02 17:45:18,686 - oak_vision_system.core.system_manager.system_manager - INFO - 停止模块: display (priority=50)
2026-03-02 17:45:18,686 - oak_vision_system.modules.display_modules.display_manager - INFO - 正在停止 DisplayManager...
2026-03-02 17:45:18,687 - oak_vision_system.modules.display_modules.display_manager - INFO - 清理 DisplayRenderer 资源...
2026-03-02 17:45:18,717 - oak_vision_system.modules.display_modules.display_renderer - INFO - DisplayRenderer 已清理 - 帧数: 678, 时长: 55.7s, 平均FPS: 12.2
2026-03-02 17:45:18,717 - oak_vision_system.modules.display_modules.display_manager - INFO - 停止 RenderPacketPackager...
2026-03-02 17:45:18,718 - oak_vision_system.modules.display_modules.render_packet_packager - INFO - 正在停止 RenderPacketPackager...
2026-03-02 17:45:18,775 - oak_vision_system.core.event_bus.event_bus - INFO - 取消订阅: event_type=raw_frame_data, subscription_id=raw_frame_data:1308162017728:1772444663005382600
2026-03-02 17:45:18,775 - oak_vision_system.core.event_bus.event_bus - INFO - 取消订阅: event_type=processed_data, subscription_id=processed_data:1308162016832:1772444663005900700
2026-03-02 17:45:18,776 - oak_vision_system.modules.display_modules.render_packet_packager - INFO - RenderPacketPackager 已停止 - 渲染包: 1287, 丢弃: 12, 成功率: 99.1%
2026-03-02 17:45:18,776 - oak_vision_system.modules.display_modules.display_manager - INFO - DisplayManager 已停止，统计数据: {'packager': {'render_packets': 1287, 'drops': 12}, 'queue_stats': {'19443010C122201300': {'size': 0, 'maxsize': 8, 'usage_ratio': 0.0, 'drop_count': 65}, '19443010F1221E1300': {'size': 0, 'maxsize': 8, 'usage_ratio': 0.0, 'drop_count': 161}}, 'total_queue_drops': 226, 'total_drops': 238, 'renderer': {'frames_rendered': 678, 'fps': 16.1566355879095, 'fps_history': [0.0, 15.964904623523525, 16.169778074412115, 16.252342534754472, 16.16216481785647, 15.686994950156073, 16.157320213364024, 16.324731182272565, 16.1983086951222, 15.703075393259773, 16.1271894694471, 16.562319899306498, 16.146761654509273, 16.054771357382005, 16.18712254131754, 15.991983998499288, 15.891580346184517, 16.374477537720985, 16.1117677676601, 16.168013341306253, 16.45507096200901, 16.322051121402996, 16.176283253418745, 16.338311761981995, 16.239163786269533, 16.184569436378684, 16.164901649204374, 16.33932614416784, 16.066271439115557, 16.168383396902104, 16.26683194752252, 16.28801760718151, 16.196400915856692, 16.47515636442553, 16.157176281605256, 16.17001963518411, 16.208907393425413, 16.11088973900685, 16.263469269253548, 16.1566355879095], 'avg_fps': 15.774586152256912, 'min_fps': 0.0, 'max_fps': 16.562319899306498, 'runtime_sec': 55.761228799819946}}
2026-03-02 17:45:18,777 - oak_vision_system.modules.display_modules.display_manager - INFO - DisplayManager 已成功停止
2026-03-02 17:45:18,777 - oak_vision_system.core.system_manager.system_manager - INFO - 模块停止成功: display
2026-03-02 17:45:18,777 - oak_vision_system.core.system_manager.system_manager - INFO - 停止模块: can (priority=70)
2026-03-02 17:45:18,777 - oak_vision_system.modules.can_communication.virtual_can_communicator - INFO - 正在停止 VirtualCANCommunicator...
2026-03-02 17:45:18,777 - oak_vision_system.core.event_bus.event_bus - INFO - 取消订阅: event_type=person_warning, subscription_id=person_warning:1309950812736:1772444663011057600
2026-03-02 17:45:18,777 - oak_vision_system.modules.can_communication.virtual_can_communicator - INFO - 已取消 PERSON_WARNING 事件订阅
2026-03-02 17:45:18,777 - oak_vision_system.modules.can_communication.virtual_can_communicator - INFO - ============================================================
2026-03-02 17:45:18,777 - oak_vision_system.modules.can_communication.virtual_can_communicator - INFO - 虚拟 CAN 通信器已停止
2026-03-02 17:45:18,777 - oak_vision_system.modules.can_communication.virtual_can_communicator - INFO - ============================================================
2026-03-02 17:45:18,778 - oak_vision_system.modules.can_communication.virtual_can_communicator - INFO - 运行统计:
2026-03-02 17:45:18,778 - oak_vision_system.modules.can_communication.virtual_can_communicator - INFO -   • 警报触发次数: 0
2026-03-02 17:45:18,778 - oak_vision_system.modules.can_communication.virtual_can_communicator - INFO -   • 警报清除次数: 0
2026-03-02 17:45:18,778 - oak_vision_system.modules.can_communication.virtual_can_communicator - INFO -   • 坐标请求次数: 0
2026-03-02 17:45:18,778 - oak_vision_system.modules.can_communication.virtual_can_communicator - INFO -   • 当前警报状态: 非活跃
2026-03-02 17:45:18,778 - oak_vision_system.modules.can_communication.virtual_can_communicator - INFO - 
2026-03-02 17:45:18,778 - oak_vision_system.modules.can_communication.virtual_can_communicator - INFO - 真实环境行为说明:
2026-03-02 17:45:18,778 - oak_vision_system.modules.can_communication.virtual_can_communicator - INFO -   • 真实环境下会停止 CAN 总线连接
2026-03-02 17:45:18,778 - oak_vision_system.modules.can_communication.virtual_can_communicator - INFO -   • 会停止警报定时器线程
2026-03-02 17:45:18,778 - oak_vision_system.modules.can_communication.virtual_can_communicator - INFO -   • 会关闭 CAN 消息监听器
2026-03-02 17:45:18,778 - oak_vision_system.modules.can_communication.virtual_can_communicator - INFO -   • 会清理所有 CAN 相关资源
2026-03-02 17:45:18,778 - oak_vision_system.modules.can_communication.virtual_can_communicator - INFO -   • 会重置 CAN 接口配置（如果启用了自动配置）
2026-03-02 17:45:18,778 - oak_vision_system.modules.can_communication.virtual_can_communicator - INFO - ============================================================
2026-03-02 17:45:18,778 - oak_vision_system.core.system_manager.system_manager - INFO - 模块停止成功: can
2026-03-02 17:45:18,779 - oak_vision_system.core.system_manager.system_manager - INFO - 关闭事件总线...
2026-03-02 17:45:18,779 - oak_vision_system.core.system_manager.system_manager - INFO - 事件总线关闭成功
2026-03-02 17:45:18,779 - oak_vision_system.core.system_manager.system_manager - INFO - SystemManager 关闭完成
2026-03-02 17:45:18,779 - __main__ - INFO - ============================================================
2026-03-02 17:45:18,779 - __main__ - INFO - 系统已关闭
2026-03-02 17:45:18,779 - __main__ - INFO - ============================================================
2026-03-03 09:45:46,114 - __main__ - INFO - ============================================================
2026-03-03 09:45:46,124 - __main__ - INFO - OAK Vision System 启动
2026-03-03 09:45:46,124 - __main__ - INFO - ============================================================
2026-03-03 09:45:46,124 - __main__ - INFO - 配置参数:
2026-03-03 09:45:46,124 - __main__ - INFO -   - 配置文件: assets/test_config/config.json
2026-03-03 09:45:46,124 - __main__ - INFO -   - 虚拟 CAN: True
2026-03-03 09:45:46,124 - __main__ - INFO -   - 调试模式: True
2026-03-03 09:45:46,124 - __main__ - INFO -   - 无头模式: False
2026-03-03 09:45:46,124 - __main__ - INFO - 
2026-03-03 09:45:46,124 - __main__ - INFO - 加载配置文件: assets/test_config/config.json
2026-03-03 09:45:46,124 - oak_vision_system.modules.config_manager.device_config_manager - INFO - 检测到配置文件格式: json, path=assets\test_config\config.json
2026-03-03 09:45:46,125 - oak_vision_system.modules.config_manager.device_config_manager - INFO - 配置已加载: path=assets\test_config\config.json, format=json
2026-03-03 09:45:46,126 - oak_vision_system.modules.config_manager.device_config_manager - DEBUG - 所有 active_mxid 已经为 None，跳过清空操作
2026-03-03 09:45:46,126 - oak_vision_system.modules.config_manager.device_config_manager - INFO - 加载后已清空 active_mxid，准备基于在线设备重新匹配
2026-03-03 09:45:46,126 - oak_vision_system.modules.config_manager.device_discovery - INFO - 开始发现OAK设备
2026-03-03 09:45:46,690 - oak_vision_system.modules.config_manager.device_discovery - DEBUG - 检测到候选设备数量: 2
2026-03-03 09:45:46,691 - oak_vision_system.modules.config_manager.device_discovery - DEBUG - 处理设备[19443010C122201300] 状态: UNBOOTED -> connected
2026-03-03 09:45:50,370 - oak_vision_system.modules.config_manager.device_discovery - DEBUG - 设备[19443010C122201300] 产品名: OAK-D S2 AF
2026-03-03 09:45:50,371 - oak_vision_system.modules.config_manager.device_discovery - DEBUG - 处理设备[19443010F1221E1300] 状态: UNBOOTED -> connected
2026-03-03 09:45:54,025 - oak_vision_system.modules.config_manager.device_discovery - DEBUG - 设备[19443010F1221E1300] 产品名: OAK-D-S2-FF
2026-03-03 09:45:54,025 - oak_vision_system.modules.config_manager.device_discovery - INFO - 发现OAK设备 2 台
2026-03-03 09:45:54,025 - oak_vision_system.modules.config_manager.device_config_manager - INFO - 发现 2 个在线设备
2026-03-03 09:45:54,026 - oak_vision_system.modules.config_manager.device_match - DEBUG - 校验通过
2026-03-03 09:45:54,028 - oak_vision_system.modules.config_manager.device_match - INFO - Start binding devices to roles.
2026-03-03 09:45:54,028 - oak_vision_system.modules.config_manager.device_match - INFO - 成功更新 left_camera 的绑定配置
2026-03-03 09:45:54,029 - oak_vision_system.modules.config_manager.device_match - INFO - 成功绑定 left_camera 到设备 19443010C122201300
2026-03-03 09:45:54,029 - oak_vision_system.modules.config_manager.device_match - INFO - 成功更新 right_camera 的绑定配置
2026-03-03 09:45:54,029 - oak_vision_system.modules.config_manager.device_match - INFO - 成功绑定 right_camera 到设备 19443010F1221E1300
2026-03-03 09:45:54,029 - oak_vision_system.modules.config_manager.device_match - DEBUG - 自动绑定候选: unmatched=0, available=0
2026-03-03 09:45:54,029 - oak_vision_system.modules.config_manager.device_match - INFO - update match_result
2026-03-03 09:45:54,029 - oak_vision_system.modules.config_manager.device_match - DEBUG - match_result 统计: matched=2, unmatched=0, available=0
2026-03-03 09:45:54,030 - oak_vision_system.modules.config_manager.device_match - INFO - update result_type to full_match
2026-03-03 09:45:54,030 - oak_vision_system.modules.config_manager.device_match - INFO - 设备匹配完成: result=full_match, matched=2/2, available=0
2026-03-03 09:45:54,030 - oak_vision_system.modules.config_manager.device_config_manager - INFO - 设备匹配完成: full_match, 已匹配=2/2
2026-03-03 09:45:54,032 - oak_vision_system.modules.config_manager.device_config_manager - INFO - 已晋升当前草稿为可运行配置
2026-03-03 09:45:54,032 - oak_vision_system.modules.config_manager.device_config_manager - INFO - 配置已验证并晋升为可运行配置
2026-03-03 09:45:54,032 - __main__ - INFO - [OK] 配置加载成功
2026-03-03 09:45:54,033 - __main__ - INFO - 创建模块实例...
2026-03-03 09:45:54,033 - __main__ - INFO -   - 创建 OAKDataCollector...
2026-03-03 09:45:54,033 - oak_vision_system.modules.data_collector.pipelinemanager - INFO - PipelineManager 初始化完成（工厂模式，无状态）
2026-03-03 09:45:54,033 - oak_vision_system.modules.data_collector.collector - INFO - 设备可用性检查通过: 2/2 个设备可用
2026-03-03 09:45:54,033 - oak_vision_system.core.event_bus.event_bus - INFO - 订阅事件: event_type=backpressure_signal, subscription_id=backpressure_signal:2376381092096:1772502354033886600, priority=NORMAL, subscriber_name=OAKDataCollector._handle_backpressure_signal
2026-03-03 09:45:54,033 - __main__ - INFO -     [OK] OAKDataCollector 创建成功
2026-03-03 09:45:54,034 - __main__ - INFO -   - 创建 DataProcessor...
2026-03-03 09:45:54,082 - oak_vision_system.modules.data_processing.decision_layer.decision_layer - INFO - 决策层初始化完成: person_labels=[0], d_in=3000.00, d_out=3050.00, T_warn=3.00, T_clear=3.00
2026-03-03 09:45:54,082 - oak_vision_system.core.event_bus.event_bus - INFO - 订阅事件: event_type=raw_detection_data, subscription_id=raw_detection_data:2377241753024:1772502354082403100, priority=NORMAL, subscriber_name=DataProcessor._on_detection_data_received
2026-03-03 09:45:54,082 - oak_vision_system.modules.data_processing.data_processor - INFO - 已订阅 RAW_DETECTION_DATA 事件
2026-03-03 09:45:54,083 - oak_vision_system.core.backpressure.monitor - INFO - 注册队列: data_processor_queue_2377241648464, watermarks=Watermarks(high=8, low=5)
2026-03-03 09:45:54,084 - oak_vision_system.core.backpressure.monitor - INFO - BackpressureMonitor started, interval=50ms
2026-03-03 09:45:54,084 - oak_vision_system.core.backpressure.monitor - INFO - 背压事件: queue=data_processor_queue_2377241648464 action=BackpressureAction.NORMAL reason=queue_ok usage=0.00 drops=0 level=low state=1
2026-03-03 09:45:54,084 - oak_vision_system.modules.data_processing.data_processor - INFO - DataProcessor 初始化完成: devices=2, labels=2, queue_size=10, decision_layer_initialized=True
2026-03-03 09:45:54,085 - __main__ - INFO -     [OK] DataProcessor 创建成功
2026-03-03 09:45:54,085 - __main__ - INFO -   - 创建 DisplayManager...
2026-03-03 09:45:54,085 - __main__ - ERROR - [ERR] 模块创建失败: DisplayManager.__init__() got an unexpected keyword argument 'label_map'
Traceback (most recent call last):
  File "d:\pythonWork\graspWithVision\OAK\tools\main.py", line 129, in create_modules
    display_manager = DisplayManager(
TypeError: DisplayManager.__init__() got an unexpected keyword argument 'label_map'
2026-03-03 09:55:48,422 - __main__ - INFO - ============================================================
2026-03-03 09:55:48,422 - __main__ - INFO - OAK Vision System 启动
2026-03-03 09:55:48,422 - __main__ - INFO - ============================================================
2026-03-03 09:55:48,423 - __main__ - INFO - 配置参数:
2026-03-03 09:55:48,423 - __main__ - INFO -   - 配置文件: assets/test_config/config.json
2026-03-03 09:55:48,423 - __main__ - INFO -   - 虚拟 CAN: True
2026-03-03 09:55:48,423 - __main__ - INFO -   - 调试模式: True
2026-03-03 09:55:48,423 - __main__ - INFO -   - 无头模式: False
2026-03-03 09:55:48,423 - __main__ - INFO - 
2026-03-03 09:55:48,424 - __main__ - INFO - 加载配置文件: assets/test_config/config.json
2026-03-03 09:55:48,424 - oak_vision_system.modules.config_manager.device_config_manager - INFO - 检测到配置文件格式: json, path=assets\test_config\config.json
2026-03-03 09:55:48,425 - oak_vision_system.modules.config_manager.device_config_manager - INFO - 配置已加载: path=assets\test_config\config.json, format=json
2026-03-03 09:55:48,425 - oak_vision_system.modules.config_manager.device_config_manager - DEBUG - 所有 active_mxid 已经为 None，跳过清空操作
2026-03-03 09:55:48,425 - oak_vision_system.modules.config_manager.device_config_manager - INFO - 加载后已清空 active_mxid，准备基于在线设备重新匹配
2026-03-03 09:55:48,425 - oak_vision_system.modules.config_manager.device_discovery - INFO - 开始发现OAK设备
2026-03-03 09:55:48,964 - oak_vision_system.modules.config_manager.device_discovery - DEBUG - 检测到候选设备数量: 2
2026-03-03 09:55:48,965 - oak_vision_system.modules.config_manager.device_discovery - DEBUG - 处理设备[19443010C122201300] 状态: UNBOOTED -> connected
2026-03-03 09:55:52,632 - oak_vision_system.modules.config_manager.device_discovery - DEBUG - 设备[19443010C122201300] 产品名: OAK-D S2 AF
2026-03-03 09:55:52,633 - oak_vision_system.modules.config_manager.device_discovery - DEBUG - 处理设备[19443010F1221E1300] 状态: UNBOOTED -> connected
2026-03-03 09:55:56,296 - oak_vision_system.modules.config_manager.device_discovery - DEBUG - 设备[19443010F1221E1300] 产品名: OAK-D-S2-FF
2026-03-03 09:55:56,297 - oak_vision_system.modules.config_manager.device_discovery - INFO - 发现OAK设备 2 台
2026-03-03 09:55:56,298 - oak_vision_system.modules.config_manager.device_config_manager - INFO - 发现 2 个在线设备
2026-03-03 09:55:56,299 - oak_vision_system.modules.config_manager.device_match - DEBUG - 校验通过
2026-03-03 09:55:56,299 - oak_vision_system.modules.config_manager.device_match - INFO - Start binding devices to roles.
2026-03-03 09:55:56,300 - oak_vision_system.modules.config_manager.device_match - INFO - 成功更新 left_camera 的绑定配置
2026-03-03 09:55:56,300 - oak_vision_system.modules.config_manager.device_match - INFO - 成功绑定 left_camera 到设备 19443010C122201300
2026-03-03 09:55:56,301 - oak_vision_system.modules.config_manager.device_match - INFO - 成功更新 right_camera 的绑定配置
2026-03-03 09:55:56,301 - oak_vision_system.modules.config_manager.device_match - INFO - 成功绑定 right_camera 到设备 19443010F1221E1300
2026-03-03 09:55:56,301 - oak_vision_system.modules.config_manager.device_match - DEBUG - 自动绑定候选: unmatched=0, available=0
2026-03-03 09:55:56,302 - oak_vision_system.modules.config_manager.device_match - INFO - update match_result
2026-03-03 09:55:56,302 - oak_vision_system.modules.config_manager.device_match - DEBUG - match_result 统计: matched=2, unmatched=0, available=0
2026-03-03 09:55:56,303 - oak_vision_system.modules.config_manager.device_match - INFO - update result_type to full_match
2026-03-03 09:55:56,303 - oak_vision_system.modules.config_manager.device_match - INFO - 设备匹配完成: result=full_match, matched=2/2, available=0
2026-03-03 09:55:56,304 - oak_vision_system.modules.config_manager.device_config_manager - INFO - 设备匹配完成: full_match, 已匹配=2/2
2026-03-03 09:55:56,306 - oak_vision_system.modules.config_manager.device_config_manager - INFO - 已晋升当前草稿为可运行配置
2026-03-03 09:55:56,306 - oak_vision_system.modules.config_manager.device_config_manager - INFO - 配置已验证并晋升为可运行配置
2026-03-03 09:55:56,308 - __main__ - INFO - [OK] 配置加载成功
2026-03-03 09:55:56,308 - __main__ - INFO - 创建模块实例...
2026-03-03 09:55:56,308 - __main__ - INFO -   - 创建 OAKDataCollector...
2026-03-03 09:55:56,308 - oak_vision_system.modules.data_collector.pipelinemanager - INFO - PipelineManager 初始化完成（工厂模式，无状态）
2026-03-03 09:55:56,308 - oak_vision_system.modules.data_collector.collector - INFO - 设备可用性检查通过: 2/2 个设备可用
2026-03-03 09:55:56,309 - oak_vision_system.core.event_bus.event_bus - INFO - 订阅事件: event_type=backpressure_signal, subscription_id=backpressure_signal:1669452365696:1772502956309943700, priority=NORMAL, subscriber_name=OAKDataCollector._handle_backpressure_signal
2026-03-03 09:55:56,310 - __main__ - INFO -     [OK] OAKDataCollector 创建成功
2026-03-03 09:55:56,311 - __main__ - INFO -   - 创建 DataProcessor...
2026-03-03 09:55:56,312 - oak_vision_system.modules.data_processing.decision_layer.decision_layer - INFO - 决策层初始化完成: person_labels=[0], d_in=3000.00, d_out=3050.00, T_warn=3.00, T_clear=3.00
2026-03-03 09:55:56,312 - oak_vision_system.core.event_bus.event_bus - INFO - 订阅事件: event_type=raw_detection_data, subscription_id=raw_detection_data:1669452154752:1772502956312197700, priority=NORMAL, subscriber_name=DataProcessor._on_detection_data_received
2026-03-03 09:55:56,312 - oak_vision_system.modules.data_processing.data_processor - INFO - 已订阅 RAW_DETECTION_DATA 事件
2026-03-03 09:55:56,313 - oak_vision_system.core.backpressure.monitor - INFO - 注册队列: data_processor_queue_1669452275024, watermarks=Watermarks(high=8, low=5)
2026-03-03 09:55:56,313 - oak_vision_system.core.backpressure.monitor - INFO - BackpressureMonitor started, interval=50ms
2026-03-03 09:55:56,313 - oak_vision_system.core.backpressure.monitor - INFO - 背压事件: queue=data_processor_queue_1669452275024 action=BackpressureAction.NORMAL reason=queue_ok usage=0.00 drops=0 level=low state=1
2026-03-03 09:55:56,314 - oak_vision_system.modules.data_processing.data_processor - INFO - DataProcessor 初始化完成: devices=2, labels=2, queue_size=10, decision_layer_initialized=True
2026-03-03 09:55:56,314 - __main__ - INFO -     [OK] DataProcessor 创建成功
2026-03-03 09:55:56,314 - __main__ - INFO -   - 创建 DisplayManager...
2026-03-03 09:55:56,314 - oak_vision_system.core.event_bus.event_bus - INFO - 订阅事件: event_type=raw_frame_data, subscription_id=raw_frame_data:1670737670144:1772502956314045600, priority=NORMAL, subscriber_name=RenderPacketPackager._handle_video_frame
2026-03-03 09:55:56,315 - oak_vision_system.core.event_bus.event_bus - INFO - 订阅事件: event_type=processed_data, subscription_id=processed_data:1669448791808:1772502956315045800, priority=NORMAL, subscriber_name=RenderPacketPackager._handle_processed_data
2026-03-03 09:55:56,315 - oak_vision_system.modules.display_modules.render_packet_packager - INFO - 渲染包打包器已初始化，队列最大长度: 8, 超时时间: 0.20 秒, 缓存最大年龄: 1.00 秒
2026-03-03 09:55:56,315 - oak_vision_system.modules.display_modules.display_renderer - INFO - DisplayRenderer 初始化完成 - 设备数: 2, FPS: 20, 角色绑定数: 2, 深度输出: 启用
2026-03-03 09:55:56,316 - oak_vision_system.modules.display_modules.display_manager - INFO - DisplayManager 已初始化，设备数量: 2, enable_display: True, 角色绑定数: 2, 深度输出: 启用
2026-03-03 09:55:56,316 - __main__ - INFO -     [OK] DisplayManager 创建成功
2026-03-03 09:55:56,316 - __main__ - INFO -   - 创建 CAN 通信器...
2026-03-03 09:55:56,316 - __main__ - INFO -     使用虚拟 CAN 模式（enable_can=False）
2026-03-03 09:55:56,316 - oak_vision_system.modules.can_communication.can_factory - INFO - 创建 CAN 通信器: enable_can=False, interface=socketcan, channel=can0, bitrate=250000
2026-03-03 09:55:56,317 - oak_vision_system.modules.can_communication.can_factory - INFO - enable_can=False，创建虚拟 CAN 通信器 (VirtualCANCommunicator)
2026-03-03 09:55:56,317 - oak_vision_system.modules.can_communication.virtual_can_communicator - INFO - VirtualCANCommunicator 已初始化 - 这是一个虚拟实现，用于开发和测试环境。真实环境下会使用 CANCommunicator 进行实际的 CAN 通信。
2026-03-03 09:55:56,317 - oak_vision_system.modules.can_communication.virtual_can_communicator - INFO - 配置信息: interface=socketcan, channel=can0, bitrate=250000
2026-03-03 09:55:56,317 - oak_vision_system.modules.can_communication.can_factory - INFO - CAN 通信器创建完成: VirtualCANCommunicator
2026-03-03 09:55:56,317 - __main__ - INFO -     [OK] CAN 通信器创建成功
2026-03-03 09:55:56,318 - __main__ - INFO - [OK] 所有模块创建完成
2026-03-03 09:55:56,318 - __main__ - INFO - 创建 SystemManager...
2026-03-03 09:55:56,318 - oak_vision_system.core.event_bus.event_bus - INFO - 订阅事件: event_type=SYSTEM_SHUTDOWN, subscription_id=SYSTEM_SHUTDOWN:1670738952320:1772502956318044900, priority=NORMAL, subscriber_name=_on_shutdown_event
2026-03-03 09:55:56,318 - oak_vision_system.core.system_manager.system_manager - INFO - SystemManager 初始化完成: default_stop_timeout=5.0s, force_exit_grace_period=3.0s
2026-03-03 09:55:56,318 - __main__ - INFO - [OK] SystemManager 创建成功
2026-03-03 09:55:56,319 - __main__ - INFO - 注册模块到 SystemManager...
2026-03-03 09:55:56,319 - oak_vision_system.core.system_manager.system_manager - INFO - 注册模块: collector (priority=10, state=not_started)
2026-03-03 09:55:56,319 - __main__ - INFO -   [OK] Collector 已注册（优先级: 10）
2026-03-03 09:55:56,319 - oak_vision_system.core.system_manager.system_manager - INFO - 注册模块: processor (priority=30, state=not_started)
2026-03-03 09:55:56,319 - __main__ - INFO -   [OK] Processor 已注册（优先级: 30）
2026-03-03 09:55:56,319 - oak_vision_system.core.system_manager.system_manager - INFO - 注册模块: display (priority=50, state=not_started)
2026-03-03 09:55:56,320 - oak_vision_system.core.system_manager.system_manager - INFO - 注册显示模块: display (priority=50, 需要主线程渲染)
2026-03-03 09:55:56,320 - __main__ - INFO -   [OK] Display 已注册（优先级: 50，主线程渲染）
2026-03-03 09:55:56,320 - oak_vision_system.core.system_manager.system_manager - INFO - 注册模块: can (priority=70, state=not_started)
2026-03-03 09:55:56,320 - __main__ - INFO -   [OK] CAN 已注册（优先级: 70）
2026-03-03 09:55:56,320 - __main__ - INFO - [OK] 所有模块注册完成
2026-03-03 09:55:56,320 - __main__ - INFO - ============================================================
2026-03-03 09:55:56,320 - __main__ - INFO - 启动系统...
2026-03-03 09:55:56,320 - __main__ - INFO - ============================================================
2026-03-03 09:55:56,320 - oak_vision_system.core.system_manager.system_manager - INFO - 开始启动所有模块...
2026-03-03 09:55:56,320 - oak_vision_system.core.system_manager.system_manager - INFO - 启动模块: can (priority=70)
2026-03-03 09:55:56,320 - oak_vision_system.modules.can_communication.virtual_can_communicator - INFO - 正在启动 VirtualCANCommunicator...
2026-03-03 09:55:56,321 - oak_vision_system.core.event_bus.event_bus - INFO - 订阅事件: event_type=person_warning, subscription_id=person_warning:1670737898048:1772502956321549900, priority=NORMAL, subscriber_name=_on_person_warning
2026-03-03 09:55:56,321 - oak_vision_system.modules.can_communication.virtual_can_communicator - INFO - ============================================================
2026-03-03 09:55:56,321 - oak_vision_system.modules.can_communication.virtual_can_communicator - INFO - 虚拟 CAN 通信器已启动
2026-03-03 09:55:56,321 - oak_vision_system.modules.can_communication.virtual_can_communicator - INFO - ============================================================
2026-03-03 09:55:56,321 - oak_vision_system.modules.can_communication.virtual_can_communicator - INFO - 功能说明:
2026-03-03 09:55:56,321 - oak_vision_system.modules.can_communication.virtual_can_communicator - INFO -   • 这是一个虚拟实现，用于开发和测试环境
2026-03-03 09:55:56,322 - oak_vision_system.modules.can_communication.virtual_can_communicator - INFO -   • 会订阅 PERSON_WARNING 事件并记录详细日志
2026-03-03 09:55:56,322 - oak_vision_system.modules.can_communication.virtual_can_communicator - INFO -   • 支持坐标请求模拟，调用真实的决策层接口
2026-03-03 09:55:56,322 - oak_vision_system.modules.can_communication.virtual_can_communicator - INFO -   • 维护统计计数器，帮助验证事件流
2026-03-03 09:55:56,322 - oak_vision_system.modules.can_communication.virtual_can_communicator - INFO - 
2026-03-03 09:55:56,322 - oak_vision_system.modules.can_communication.virtual_can_communicator - INFO - 真实环境行为说明:
2026-03-03 09:55:56,322 - oak_vision_system.modules.can_communication.virtual_can_communicator - INFO -   • 真实环境下会使用 CANCommunicator 连接实际的 CAN 总线
2026-03-03 09:55:56,323 - oak_vision_system.modules.can_communication.virtual_can_communicator - INFO -   • 会连接到 socketcan 接口
2026-03-03 09:55:56,323 - oak_vision_system.modules.can_communication.virtual_can_communicator - INFO -   • 使用通道 can0，波特率 250000
2026-03-03 09:55:56,323 - oak_vision_system.modules.can_communication.virtual_can_communicator - INFO -   • 会发送实际的 CAN 消息到硬件设备
2026-03-03 09:55:56,323 - oak_vision_system.modules.can_communication.virtual_can_communicator - INFO -   • 会接收来自硬件的坐标请求消息
2026-03-03 09:55:56,323 - oak_vision_system.modules.can_communication.virtual_can_communicator - INFO - 
2026-03-03 09:55:56,323 - oak_vision_system.modules.can_communication.virtual_can_communicator - INFO - 当前配置:
2026-03-03 09:55:56,323 - oak_vision_system.modules.can_communication.virtual_can_communicator - INFO -   • CAN 接口: socketcan
2026-03-03 09:55:56,324 - oak_vision_system.modules.can_communication.virtual_can_communicator - INFO -   • CAN 通道: can0
2026-03-03 09:55:56,324 - oak_vision_system.modules.can_communication.virtual_can_communicator - INFO -   • 波特率: 250000
2026-03-03 09:55:56,324 - oak_vision_system.modules.can_communication.virtual_can_communicator - INFO -   • 警报间隔: 500ms
2026-03-03 09:55:56,324 - oak_vision_system.modules.can_communication.virtual_can_communicator - INFO -   • 发送超时: 100ms
2026-03-03 09:55:56,324 - oak_vision_system.modules.can_communication.virtual_can_communicator - INFO - ============================================================
2026-03-03 09:55:56,324 - oak_vision_system.core.system_manager.system_manager - INFO - 模块启动成功: can
2026-03-03 09:55:56,325 - oak_vision_system.core.system_manager.system_manager - INFO - 启动模块: display (priority=50)
2026-03-03 09:55:56,325 - oak_vision_system.modules.display_modules.display_manager - INFO - 启动 RenderPacketPackager...
2026-03-03 09:55:56,325 - oak_vision_system.modules.display_modules.render_packet_packager - INFO - 渲染包打包工作线程已启动
2026-03-03 09:55:56,326 - oak_vision_system.modules.display_modules.display_manager - INFO - 初始化 DisplayRenderer（主线程渲染模式）...
2026-03-03 09:55:56,326 - oak_vision_system.modules.display_modules.display_renderer - INFO - DisplayRenderer 已初始化
2026-03-03 09:55:56,326 - oak_vision_system.modules.display_modules.display_manager - INFO - DisplayManager 已成功启动（主线程渲染模式）
2026-03-03 09:55:56,326 - oak_vision_system.core.system_manager.system_manager - INFO - 模块启动成功: display
2026-03-03 09:55:56,326 - oak_vision_system.core.system_manager.system_manager - INFO - 启动模块: processor (priority=30)
2026-03-03 09:55:56,327 - oak_vision_system.modules.data_processing.data_processor - INFO - DataProcessor 主循环开始
2026-03-03 09:55:56,327 - oak_vision_system.modules.data_processing.data_processor - INFO - DataProcessor 线程已启动
2026-03-03 09:55:56,327 - oak_vision_system.core.system_manager.system_manager - INFO - 模块启动成功: processor
2026-03-03 09:55:56,327 - oak_vision_system.core.system_manager.system_manager - INFO - 启动模块: collector (priority=10)
2026-03-03 09:56:01,337 - oak_vision_system.modules.data_collector.collector - INFO - 为设备 left_camera 创建 pipeline...
2026-03-03 09:56:01,337 - oak_vision_system.modules.data_collector.collector - INFO - 为设备 left_camera 创建带深度输出的 pipeline
2026-03-03 09:56:01,338 - oak_vision_system.modules.data_collector.pipelinemanager - INFO - create_pipeline_new: start (新版风格)
2026-03-03 09:56:01,412 - oak_vision_system.modules.data_collector.pipelinemanager - INFO - pipeline创建完成（新版风格）
2026-03-03 09:56:01,412 - oak_vision_system.modules.data_collector.collector - INFO - 设备 left_camera 的 pipeline 创建成功
2026-03-03 09:56:01,412 - oak_vision_system.modules.data_collector.collector - INFO - 尝试连接设备: MXID=19443010C122201300, USB2模式=True
2026-03-03 09:56:01,442 - oak_vision_system.modules.data_collector.collector - INFO - 为设备 right_camera 创建 pipeline...
2026-03-03 09:56:01,442 - oak_vision_system.core.system_manager.system_manager - INFO - 模块启动成功: collector
2026-03-03 09:56:01,442 - oak_vision_system.modules.data_collector.collector - INFO - 为设备 right_camera 创建带深度输出的 pipeline
2026-03-03 09:56:01,442 - oak_vision_system.core.system_manager.system_manager - INFO - 所有模块启动完成，共 4 个模块
2026-03-03 09:56:01,442 - oak_vision_system.modules.data_collector.pipelinemanager - INFO - create_pipeline_new: start (新版风格)
2026-03-03 09:56:01,444 - __main__ - INFO - [OK] 所有模块启动成功
2026-03-03 09:56:01,459 - oak_vision_system.modules.data_collector.pipelinemanager - INFO - pipeline创建完成（新版风格）
2026-03-03 09:56:01,459 - __main__ - INFO - 
2026-03-03 09:56:01,459 - oak_vision_system.modules.data_collector.collector - INFO - 设备 right_camera 的 pipeline 创建成功
2026-03-03 09:56:01,460 - __main__ - INFO - 系统运行中...
2026-03-03 09:56:01,460 - oak_vision_system.modules.data_collector.collector - INFO - 尝试连接设备: MXID=19443010F1221E1300, USB2模式=True
2026-03-03 09:56:01,460 - __main__ - INFO -   - 按 Ctrl+C 退出系统
2026-03-03 09:56:01,461 - __main__ - INFO -   - 按 'q' 键退出显示
2026-03-03 09:56:01,461 - __main__ - INFO -   - 按 'f' 键切换全屏
2026-03-03 09:56:01,461 - __main__ - INFO -   - 按 '1'/'2'/'3' 键切换显示模式
2026-03-03 09:56:01,461 - __main__ - INFO - 
2026-03-03 09:56:01,461 - oak_vision_system.core.system_manager.system_manager - INFO - SystemManager 开始运行，等待退出信号...
2026-03-03 09:56:01,461 - oak_vision_system.core.system_manager.system_manager - INFO - 退出方式: Ctrl+C 或 SYSTEM_SHUTDOWN 事件
2026-03-03 09:56:01,461 - oak_vision_system.core.system_manager.system_manager - INFO - 检测到显示模块，使用主线程渲染模式
2026-03-03 09:56:04,418 - oak_vision_system.modules.display_modules.display_renderer - INFO - 主窗口已创建: OAK Display
2026-03-03 09:56:10,134 - oak_vision_system.modules.data_collector.collector - WARNING - 启用深度模式但未提供深度数据: device=left_camera
2026-03-03 09:56:27,658 - oak_vision_system.modules.display_modules.display_renderer - INFO - 切换到全屏模式
2026-03-03 09:56:42,194 - oak_vision_system.modules.data_collector.collector - WARNING - 启用深度模式但未提供深度数据: device=left_camera
2026-03-03 09:56:43,733 - oak_vision_system.modules.data_collector.collector - WARNING - 启用深度模式但未提供深度数据: device=left_camera
2026-03-03 09:56:44,679 - oak_vision_system.modules.data_collector.collector - WARNING - 启用深度模式但未提供深度数据: device=right_camera
2026-03-03 09:56:46,686 - oak_vision_system.modules.display_modules.display_renderer - INFO - 切换到设备角色 LEFT_CAMERA: 19443010C122201300
2026-03-03 09:56:49,161 - oak_vision_system.modules.display_modules.display_renderer - INFO - 切换到设备角色 RIGHT_CAMERA: 19443010F1221E1300
2026-03-03 09:56:49,837 - oak_vision_system.modules.display_modules.display_renderer - INFO - 切换到设备角色 LEFT_CAMERA: 19443010C122201300
2026-03-03 09:56:59,841 - oak_vision_system.modules.display_modules.display_renderer - INFO - 用户按下 'q' 键
2026-03-03 09:56:59,842 - oak_vision_system.core.system_manager.system_manager - INFO - 显示模块请求退出（用户按下 'q' 键）
2026-03-03 09:56:59,842 - oak_vision_system.core.system_manager.system_manager - INFO - 接收到退出信号，准备关闭系统...
2026-03-03 09:56:59,842 - oak_vision_system.core.system_manager.system_manager - INFO - 执行统一关闭流程...
2026-03-03 09:56:59,842 - oak_vision_system.core.system_manager.system_manager - INFO - 开始关闭系统...
2026-03-03 09:56:59,843 - oak_vision_system.core.system_manager.system_manager - INFO - 停止模块: collector (priority=10)
2026-03-03 09:56:59,843 - oak_vision_system.modules.data_collector.collector - INFO - 正在停止 OAKDataCollector...
2026-03-03 09:57:05,405 - oak_vision_system.modules.data_collector.collector - INFO - OAKDataCollector 已停止
2026-03-03 09:57:05,407 - oak_vision_system.core.system_manager.system_manager - INFO - 模块停止成功: collector
2026-03-03 09:57:05,407 - oak_vision_system.core.system_manager.system_manager - INFO - 停止模块: processor (priority=30)
2026-03-03 09:57:05,408 - oak_vision_system.modules.data_processing.data_processor - INFO - 正在停止 DataProcessor...
2026-03-03 09:57:05,835 - oak_vision_system.modules.data_processing.data_processor - INFO - DataProcessor 主循环结束
2026-03-03 09:57:05,836 - oak_vision_system.modules.data_processing.data_processor - INFO - DataProcessor 已停止: dropped=0
2026-03-03 09:57:05,836 - oak_vision_system.core.system_manager.system_manager - INFO - 模块停止成功: processor
2026-03-03 09:57:05,837 - oak_vision_system.core.system_manager.system_manager - INFO - 停止模块: display (priority=50)
2026-03-03 09:57:05,837 - oak_vision_system.modules.display_modules.display_manager - INFO - 正在停止 DisplayManager...
2026-03-03 09:57:05,838 - oak_vision_system.modules.display_modules.display_manager - INFO - 清理 DisplayRenderer 资源...
2026-03-03 09:57:05,874 - oak_vision_system.modules.display_modules.display_renderer - INFO - DisplayRenderer 已清理 - 帧数: 899, 时长: 69.5s, 平均FPS: 12.9
2026-03-03 09:57:05,874 - oak_vision_system.modules.display_modules.display_manager - INFO - 停止 RenderPacketPackager...
2026-03-03 09:57:05,874 - oak_vision_system.modules.display_modules.render_packet_packager - INFO - 正在停止 RenderPacketPackager...
2026-03-03 09:57:06,036 - oak_vision_system.core.event_bus.event_bus - INFO - 取消订阅: event_type=raw_frame_data, subscription_id=raw_frame_data:1670737670144:1772502956314045600
2026-03-03 09:57:06,036 - oak_vision_system.core.event_bus.event_bus - INFO - 取消订阅: event_type=processed_data, subscription_id=processed_data:1669448791808:1772502956315045800
2026-03-03 09:57:06,038 - oak_vision_system.modules.display_modules.render_packet_packager - INFO - RenderPacketPackager 已停止 - 渲染包: 1727, 丢弃: 4, 成功率: 99.8%
2026-03-03 09:57:06,038 - oak_vision_system.modules.display_modules.display_manager - INFO - DisplayManager 已停止，统计数据: {'packager': {'render_packets': 1727, 'drops': 4}, 'queue_stats': {'19443010C122201300': {'size': 0, 'maxsize': 8, 'usage_ratio': 0.0, 'drop_count': 4}, '19443010F1221E1300': {'size': 0, 'maxsize': 8, 'usage_ratio': 0.0, 'drop_count': 184}}, 'total_queue_drops': 188, 'total_drops': 192, 'renderer': {'frames_rendered': 899, 'fps': 16.070903795896307, 'fps_history': [0.0, 16.131383945215344, 16.25948158729728, 16.260572882933765, 16.6587597242905, 16.301026343205688, 16.104332693164675, 16.469075480491142, 16.190719335124612, 15.988001354980838, 16.227132437501147, 16.2746270365151, 16.318522724371327, 16.18814557082331, 16.154169861167112, 16.521211566176316, 16.310951150414258, 16.182649282704165, 16.09055170594864, 16.136632049225856, 16.43004101826358, 16.327741840674452, 15.991227956466142, 16.208633350691105, 16.155107059788147, 16.25441312001124, 16.247101510151403, 16.18605279381162, 16.416737282745476, 16.21639625994422, 15.839460787399037, 16.277615292630927, 16.248293428179196, 15.928809383112888, 16.194517033971415, 15.928648069484481, 15.806149405145483, 16.398444723770353, 16.25423989494027, 16.11600453686055, 16.21305439933011, 15.806125579120243, 16.130096683671937, 16.190008441334893, 16.270061900499527, 16.27605589395525, 16.030805657768635, 16.3422745344041, 16.26803464948834, 16.281438070048004, 16.21586335046527, 15.966918313725301, 16.327781566544683, 16.070903795896307], 'avg_fps': 15.899685265108248, 'min_fps': 0.0, 'max_fps': 16.6587597242905, 'runtime_sec': 69.711989402771}}
2026-03-03 09:57:06,038 - oak_vision_system.modules.display_modules.display_manager - INFO - DisplayManager 已成功停止
2026-03-03 09:57:06,039 - oak_vision_system.core.system_manager.system_manager - INFO - 模块停止成功: display
2026-03-03 09:57:06,039 - oak_vision_system.core.system_manager.system_manager - INFO - 停止模块: can (priority=70)
2026-03-03 09:57:06,039 - oak_vision_system.modules.can_communication.virtual_can_communicator - INFO - 正在停止 VirtualCANCommunicator...
2026-03-03 09:57:06,039 - oak_vision_system.core.event_bus.event_bus - INFO - 取消订阅: event_type=person_warning, subscription_id=person_warning:1670737898048:1772502956321549900
2026-03-03 09:57:06,039 - oak_vision_system.modules.can_communication.virtual_can_communicator - INFO - 已取消 PERSON_WARNING 事件订阅
2026-03-03 09:57:06,039 - oak_vision_system.modules.can_communication.virtual_can_communicator - INFO - ============================================================
2026-03-03 09:57:06,040 - oak_vision_system.modules.can_communication.virtual_can_communicator - INFO - 虚拟 CAN 通信器已停止
2026-03-03 09:57:06,040 - oak_vision_system.modules.can_communication.virtual_can_communicator - INFO - ============================================================
2026-03-03 09:57:06,040 - oak_vision_system.modules.can_communication.virtual_can_communicator - INFO - 运行统计:
2026-03-03 09:57:06,040 - oak_vision_system.modules.can_communication.virtual_can_communicator - INFO -   • 警报触发次数: 0
2026-03-03 09:57:06,040 - oak_vision_system.modules.can_communication.virtual_can_communicator - INFO -   • 警报清除次数: 0
2026-03-03 09:57:06,040 - oak_vision_system.modules.can_communication.virtual_can_communicator - INFO -   • 坐标请求次数: 0
2026-03-03 09:57:06,040 - oak_vision_system.modules.can_communication.virtual_can_communicator - INFO -   • 当前警报状态: 非活跃
2026-03-03 09:57:06,041 - oak_vision_system.modules.can_communication.virtual_can_communicator - INFO - 
2026-03-03 09:57:06,041 - oak_vision_system.modules.can_communication.virtual_can_communicator - INFO - 真实环境行为说明:
2026-03-03 09:57:06,041 - oak_vision_system.modules.can_communication.virtual_can_communicator - INFO -   • 真实环境下会停止 CAN 总线连接
2026-03-03 09:57:06,042 - oak_vision_system.modules.can_communication.virtual_can_communicator - INFO -   • 会停止警报定时器线程
2026-03-03 09:57:06,042 - oak_vision_system.modules.can_communication.virtual_can_communicator - INFO -   • 会关闭 CAN 消息监听器
2026-03-03 09:57:06,042 - oak_vision_system.modules.can_communication.virtual_can_communicator - INFO -   • 会清理所有 CAN 相关资源
2026-03-03 09:57:06,042 - oak_vision_system.modules.can_communication.virtual_can_communicator - INFO -   • 会重置 CAN 接口配置（如果启用了自动配置）
2026-03-03 09:57:06,042 - oak_vision_system.modules.can_communication.virtual_can_communicator - INFO - ============================================================
2026-03-03 09:57:06,042 - oak_vision_system.core.system_manager.system_manager - INFO - 模块停止成功: can
2026-03-03 09:57:06,042 - oak_vision_system.core.system_manager.system_manager - INFO - 关闭事件总线...
2026-03-03 09:57:06,043 - oak_vision_system.core.system_manager.system_manager - INFO - 事件总线关闭成功
2026-03-03 09:57:06,043 - oak_vision_system.core.system_manager.system_manager - INFO - SystemManager 关闭完成
2026-03-03 09:57:06,043 - __main__ - INFO - ============================================================
2026-03-03 09:57:06,043 - __main__ - INFO - 系统已关闭
2026-03-03 09:57:06,043 - __main__ - INFO - ============================================================
