2026-03-04 15:43:41 [INFO] oak_vision_system.core.event_bus.event_bus: 订阅事件: event_type=SYSTEM_SHUTDOWN, subscription_id=SYSTEM_SHUTDOWN:1610607227904:1772610221112077000, priority=NORMAL, subscriber_name=_on_shutdown_event
2026-03-04 15:43:41 [INFO] oak_vision_system.core.system_manager.system_manager: SystemManager 初始化完成: default_stop_timeout=5.0s, force_exit_grace_period=3.0s
2026-03-04 15:43:41 [INFO] __main__: ============================================================
2026-03-04 15:43:41 [INFO] __main__: OAK Vision System 启动
2026-03-04 15:43:41 [INFO] __main__: ============================================================
2026-03-04 15:43:41 [INFO] __main__: 配置参数:
2026-03-04 15:43:41 [INFO] __main__:   - 配置文件: assets/test_config/config.json
2026-03-04 15:43:41 [INFO] __main__:   - 虚拟 CAN: True
2026-03-04 15:43:41 [INFO] __main__:   - 无头模式: False
2026-03-04 15:43:41 [INFO] __main__: 
2026-03-04 15:43:41 [INFO] __main__: 创建模块实例...
2026-03-04 15:43:41 [INFO] __main__:   - 创建 OAKDataCollector...
2026-03-04 15:43:41 [INFO] oak_vision_system.modules.data_collector.pipelinemanager: PipelineManager 初始化完成（工厂模式，无状态）
2026-03-04 15:43:41 [INFO] oak_vision_system.modules.data_collector.collector: 设备可用性检查通过: 2/2 个设备可用
2026-03-04 15:43:41 [INFO] oak_vision_system.core.event_bus.event_bus: 订阅事件: event_type=backpressure_signal, subscription_id=backpressure_signal:1610607646976:1772610221115830500, priority=NORMAL, subscriber_name=OAKDataCollector._handle_backpressure_signal
2026-03-04 15:43:41 [INFO] __main__:     [OK] OAKDataCollector 创建成功
2026-03-04 15:43:41 [INFO] __main__:   - 创建 DataProcessor...
2026-03-04 15:43:41 [INFO] oak_vision_system.modules.data_processing.decision_layer.decision_layer: 决策层初始化完成: person_labels=[0], d_in=3000.00, d_out=3050.00, T_warn=3.00, T_clear=3.00
2026-03-04 15:43:41 [INFO] oak_vision_system.core.event_bus.event_bus: 订阅事件: event_type=raw_detection_data, subscription_id=raw_detection_data:1610607117568:1772610221183628800, priority=NORMAL, subscriber_name=DataProcessor._on_detection_data_received
2026-03-04 15:43:41 [INFO] oak_vision_system.modules.data_processing.data_processor: 已订阅 RAW_DETECTION_DATA 事件
2026-03-04 15:43:41 [INFO] oak_vision_system.core.backpressure.monitor: 注册队列: data_processor_queue_1609283723344, watermarks=Watermarks(high=8, low=5)
2026-03-04 15:43:41 [INFO] oak_vision_system.core.backpressure.monitor: BackpressureMonitor started, interval=50ms
2026-03-04 15:43:41 [INFO] oak_vision_system.core.backpressure.monitor: 背压事件: queue=data_processor_queue_1609283723344 action=BackpressureAction.NORMAL reason=queue_ok usage=0.00 drops=0 level=low state=1
2026-03-04 15:43:41 [INFO] oak_vision_system.modules.data_processing.data_processor: DataProcessor 初始化完成: devices=2, labels=2, queue_size=10, decision_layer_initialized=True
2026-03-04 15:43:41 [INFO] __main__:     [OK] DataProcessor 创建成功
2026-03-04 15:43:41 [INFO] __main__:   - 创建 DisplayManager...
2026-03-04 15:43:41 [INFO] oak_vision_system.core.event_bus.event_bus: 订阅事件: event_type=raw_frame_data, subscription_id=raw_frame_data:1609283817472:1772610221185651600, priority=NORMAL, subscriber_name=RenderPacketPackager._handle_video_frame
2026-03-04 15:43:41 [INFO] oak_vision_system.core.event_bus.event_bus: 订阅事件: event_type=processed_data, subscription_id=processed_data:1610608433984:1772610221185651600, priority=NORMAL, subscriber_name=RenderPacketPackager._handle_processed_data
2026-03-04 15:43:41 [INFO] oak_vision_system.modules.display_modules.render_packet_packager: 渲染包打包器已初始化，队列最大长度: 8, 超时时间: 0.20 秒, 缓存最大年龄: 1.00 秒
2026-03-04 15:43:41 [INFO] oak_vision_system.modules.display_modules.display_renderer: DisplayRenderer 初始化完成 - 设备数: 2, FPS: 20, 角色绑定数: 2, 深度输出: 启用
2026-03-04 15:43:41 [INFO] oak_vision_system.modules.display_modules.display_manager: DisplayManager 已初始化，设备数量: 2, enable_display: True, 角色绑定数: 2, 深度输出: 启用
2026-03-04 15:43:41 [INFO] __main__:     [OK] DisplayManager 创建成功
2026-03-04 15:43:41 [INFO] __main__:   - 创建 CAN 通信器...
2026-03-04 15:43:41 [INFO] __main__:     使用虚拟 CAN 模式（enable_can=False）
2026-03-04 15:43:41 [INFO] oak_vision_system.modules.can_communication.can_factory: 创建 CAN 通信器: enable_can=False, interface=socketcan, channel=can0, bitrate=250000
2026-03-04 15:43:41 [INFO] oak_vision_system.modules.can_communication.can_factory: enable_can=False，创建虚拟 CAN 通信器 (VirtualCANCommunicator)
2026-03-04 15:43:41 [INFO] oak_vision_system.modules.can_communication.virtual_can_communicator: VirtualCANCommunicator 已初始化 - 这是一个虚拟实现，用于开发和测试环境。真实环境下会使用 CANCommunicator 进行实际的 CAN 通信。
2026-03-04 15:43:41 [INFO] oak_vision_system.modules.can_communication.virtual_can_communicator: 配置信息: interface=socketcan, channel=can0, bitrate=250000
2026-03-04 15:43:41 [INFO] oak_vision_system.modules.can_communication.can_factory: CAN 通信器创建完成: VirtualCANCommunicator
2026-03-04 15:43:41 [INFO] __main__:     [OK] CAN 通信器创建成功
2026-03-04 15:43:41 [INFO] __main__: [OK] 所有模块创建完成
2026-03-04 15:43:41 [INFO] __main__: 注册模块到 SystemManager...
2026-03-04 15:43:41 [INFO] oak_vision_system.core.system_manager.system_manager: 注册模块: collector (priority=10, state=not_started)
2026-03-04 15:43:41 [INFO] __main__:   [OK] Collector 已注册（优先级: 10）
2026-03-04 15:43:41 [INFO] oak_vision_system.core.system_manager.system_manager: 注册模块: processor (priority=30, state=not_started)
2026-03-04 15:43:41 [INFO] __main__:   [OK] Processor 已注册（优先级: 30）
2026-03-04 15:43:41 [INFO] oak_vision_system.core.system_manager.system_manager: 注册模块: display (priority=50, state=not_started)
2026-03-04 15:43:41 [INFO] oak_vision_system.core.system_manager.system_manager: 注册显示模块: display (priority=50, 需要主线程渲染)
2026-03-04 15:43:41 [INFO] __main__:   [OK] Display 已注册（优先级: 50，主线程渲染）
2026-03-04 15:43:41 [INFO] oak_vision_system.core.system_manager.system_manager: 注册模块: can (priority=70, state=not_started)
2026-03-04 15:43:41 [INFO] __main__:   [OK] CAN 已注册（优先级: 70）
2026-03-04 15:43:41 [INFO] __main__: [OK] 所有模块注册完成
2026-03-04 15:43:41 [INFO] __main__: ============================================================
2026-03-04 15:43:41 [INFO] __main__: 启动系统...
2026-03-04 15:43:41 [INFO] __main__: ============================================================
2026-03-04 15:43:41 [INFO] oak_vision_system.core.system_manager.system_manager: 开始启动所有模块...
2026-03-04 15:43:41 [INFO] oak_vision_system.core.system_manager.system_manager: 启动模块: can (priority=70)
2026-03-04 15:43:41 [INFO] oak_vision_system.modules.can_communication.virtual_can_communicator: 正在启动 VirtualCANCommunicator...
2026-03-04 15:43:41 [INFO] oak_vision_system.core.event_bus.event_bus: 订阅事件: event_type=person_warning, subscription_id=person_warning:1610591947520:1772610221190652100, priority=NORMAL, subscriber_name=_on_person_warning
2026-03-04 15:43:41 [INFO] oak_vision_system.modules.can_communication.virtual_can_communicator: ============================================================
2026-03-04 15:43:41 [INFO] oak_vision_system.modules.can_communication.virtual_can_communicator: 虚拟 CAN 通信器已启动
2026-03-04 15:43:41 [INFO] oak_vision_system.modules.can_communication.virtual_can_communicator: ============================================================
2026-03-04 15:43:41 [INFO] oak_vision_system.modules.can_communication.virtual_can_communicator: 功能说明:
2026-03-04 15:43:41 [INFO] oak_vision_system.modules.can_communication.virtual_can_communicator:   • 这是一个虚拟实现，用于开发和测试环境
2026-03-04 15:43:41 [INFO] oak_vision_system.modules.can_communication.virtual_can_communicator:   • 会订阅 PERSON_WARNING 事件并记录详细日志
2026-03-04 15:43:41 [INFO] oak_vision_system.modules.can_communication.virtual_can_communicator:   • 支持坐标请求模拟，调用真实的决策层接口
2026-03-04 15:43:41 [INFO] oak_vision_system.modules.can_communication.virtual_can_communicator:   • 维护统计计数器，帮助验证事件流
2026-03-04 15:43:41 [INFO] oak_vision_system.modules.can_communication.virtual_can_communicator: 
2026-03-04 15:43:41 [INFO] oak_vision_system.modules.can_communication.virtual_can_communicator: 真实环境行为说明:
2026-03-04 15:43:41 [INFO] oak_vision_system.modules.can_communication.virtual_can_communicator:   • 真实环境下会使用 CANCommunicator 连接实际的 CAN 总线
2026-03-04 15:43:41 [INFO] oak_vision_system.modules.can_communication.virtual_can_communicator:   • 会连接到 socketcan 接口
2026-03-04 15:43:41 [INFO] oak_vision_system.modules.can_communication.virtual_can_communicator:   • 使用通道 can0，波特率 250000
2026-03-04 15:43:41 [INFO] oak_vision_system.modules.can_communication.virtual_can_communicator:   • 会发送实际的 CAN 消息到硬件设备
2026-03-04 15:43:41 [INFO] oak_vision_system.modules.can_communication.virtual_can_communicator:   • 会接收来自硬件的坐标请求消息
2026-03-04 15:43:41 [INFO] oak_vision_system.modules.can_communication.virtual_can_communicator: 
2026-03-04 15:43:41 [INFO] oak_vision_system.modules.can_communication.virtual_can_communicator: 当前配置:
2026-03-04 15:43:41 [INFO] oak_vision_system.modules.can_communication.virtual_can_communicator:   • CAN 接口: socketcan
2026-03-04 15:43:41 [INFO] oak_vision_system.modules.can_communication.virtual_can_communicator:   • CAN 通道: can0
2026-03-04 15:43:41 [INFO] oak_vision_system.modules.can_communication.virtual_can_communicator:   • 波特率: 250000
2026-03-04 15:43:41 [INFO] oak_vision_system.modules.can_communication.virtual_can_communicator:   • 警报间隔: 500ms
2026-03-04 15:43:41 [INFO] oak_vision_system.modules.can_communication.virtual_can_communicator:   • 发送超时: 100ms
2026-03-04 15:43:41 [INFO] oak_vision_system.modules.can_communication.virtual_can_communicator: ============================================================
2026-03-04 15:43:41 [INFO] oak_vision_system.core.system_manager.system_manager: 模块启动成功: can
2026-03-04 15:43:41 [INFO] oak_vision_system.core.system_manager.system_manager: 启动模块: display (priority=50)
2026-03-04 15:43:41 [INFO] oak_vision_system.modules.display_modules.display_manager: 启动 RenderPacketPackager...
2026-03-04 15:43:41 [INFO] oak_vision_system.modules.display_modules.render_packet_packager: 渲染包打包工作线程已启动
2026-03-04 15:43:41 [INFO] oak_vision_system.modules.display_modules.display_manager: 初始化 DisplayRenderer（主线程渲染模式）...
2026-03-04 15:43:41 [INFO] oak_vision_system.modules.display_modules.display_renderer: DisplayRenderer 已初始化
2026-03-04 15:43:41 [INFO] oak_vision_system.modules.display_modules.display_manager: DisplayManager 已成功启动（主线程渲染模式）
2026-03-04 15:43:41 [INFO] oak_vision_system.core.system_manager.system_manager: 模块启动成功: display
2026-03-04 15:43:41 [INFO] oak_vision_system.core.system_manager.system_manager: 启动模块: processor (priority=30)
2026-03-04 15:43:41 [INFO] oak_vision_system.modules.data_processing.data_processor: DataProcessor 主循环开始
2026-03-04 15:43:41 [INFO] oak_vision_system.modules.data_processing.data_processor: DataProcessor 线程已启动
2026-03-04 15:43:41 [INFO] oak_vision_system.core.system_manager.system_manager: 模块启动成功: processor
2026-03-04 15:43:41 [INFO] oak_vision_system.core.system_manager.system_manager: 启动模块: collector (priority=10)
2026-03-04 15:43:46 [INFO] oak_vision_system.modules.data_collector.collector: 为设备 left_camera 创建 pipeline...
2026-03-04 15:43:46 [INFO] oak_vision_system.modules.data_collector.collector: 为设备 left_camera 创建带深度输出的 pipeline
2026-03-04 15:43:46 [INFO] oak_vision_system.modules.data_collector.pipelinemanager: create_pipeline_new: start (新版风格)
2026-03-04 15:43:46 [INFO] oak_vision_system.modules.data_collector.pipelinemanager: pipeline创建完成（新版风格）
2026-03-04 15:43:46 [INFO] oak_vision_system.modules.data_collector.collector: 设备 left_camera 的 pipeline 创建成功
2026-03-04 15:43:46 [INFO] oak_vision_system.modules.data_collector.collector: 尝试连接设备: MXID=19443010C122201300, USB2模式=True
2026-03-04 15:43:46 [INFO] oak_vision_system.modules.data_collector.collector: 为设备 right_camera 创建 pipeline...
2026-03-04 15:43:46 [INFO] oak_vision_system.core.system_manager.system_manager: 模块启动成功: collector
2026-03-04 15:43:46 [INFO] oak_vision_system.modules.data_collector.collector: 为设备 right_camera 创建带深度输出的 pipeline
2026-03-04 15:43:46 [INFO] oak_vision_system.core.system_manager.system_manager: 所有模块启动完成，共 4 个模块
2026-03-04 15:43:46 [INFO] oak_vision_system.modules.data_collector.pipelinemanager: create_pipeline_new: start (新版风格)
2026-03-04 15:43:46 [INFO] __main__: [OK] 所有模块启动成功
2026-03-04 15:43:46 [INFO] oak_vision_system.modules.data_collector.pipelinemanager: pipeline创建完成（新版风格）
2026-03-04 15:43:46 [INFO] __main__: 
2026-03-04 15:43:46 [INFO] oak_vision_system.modules.data_collector.collector: 设备 right_camera 的 pipeline 创建成功
2026-03-04 15:43:46 [INFO] __main__: 系统运行中...
2026-03-04 15:43:46 [INFO] oak_vision_system.modules.data_collector.collector: 尝试连接设备: MXID=19443010F1221E1300, USB2模式=True
2026-03-04 15:43:46 [INFO] __main__:   - 按 Ctrl+C 退出系统
2026-03-04 15:43:46 [INFO] __main__:   - 按 'q' 键退出显示
2026-03-04 15:43:46 [INFO] __main__:   - 按 'f' 键切换全屏
2026-03-04 15:43:46 [INFO] __main__:   - 按 '1'/'2'/'3' 键切换显示模式
2026-03-04 15:43:46 [INFO] __main__: 
2026-03-04 15:43:46 [INFO] oak_vision_system.core.system_manager.system_manager: SystemManager 开始运行，等待退出信号...
2026-03-04 15:43:46 [INFO] oak_vision_system.core.system_manager.system_manager: 退出方式: Ctrl+C 或 SYSTEM_SHUTDOWN 事件
2026-03-04 15:43:46 [INFO] oak_vision_system.core.system_manager.system_manager: 检测到显示模块，使用主线程渲染模式
2026-03-04 15:43:49 [INFO] oak_vision_system.modules.display_modules.display_renderer: 主窗口已创建: OAK Display
2026-03-04 15:43:56 [WARNING] oak_vision_system.modules.data_collector.collector: 启用深度模式但未提供深度数据: device=right_camera
2026-03-04 15:44:02 [WARNING] oak_vision_system.modules.data_collector.collector: 启用深度模式但未提供深度数据: device=left_camera
2026-03-04 15:44:04 [WARNING] oak_vision_system.modules.data_collector.collector: 启用深度模式但未提供深度数据: device=left_camera
2026-03-04 15:44:15 [INFO] oak_vision_system.modules.display_modules.display_renderer: 切换到设备角色 LEFT_CAMERA: 19443010C122201300
2026-03-04 15:44:17 [INFO] oak_vision_system.modules.display_modules.display_renderer: 切换到 Combined 模式
2026-03-04 15:44:18 [INFO] oak_vision_system.modules.display_modules.display_renderer: 切换到设备角色 RIGHT_CAMERA: 19443010F1221E1300
2026-03-04 15:44:18 [INFO] oak_vision_system.modules.display_modules.display_renderer: 切换到设备角色 LEFT_CAMERA: 19443010C122201300
2026-03-04 15:44:19 [INFO] oak_vision_system.modules.display_modules.display_renderer: 切换到 Combined 模式
2026-03-04 15:44:21 [INFO] oak_vision_system.modules.display_modules.display_renderer: 切换到设备角色 LEFT_CAMERA: 19443010C122201300
2026-03-04 15:44:22 [WARNING] oak_vision_system.modules.data_collector.collector: 启用深度模式但未提供深度数据: device=right_camera
2026-03-04 15:44:30 [WARNING] oak_vision_system.modules.data_collector.collector: 启用深度模式但未提供深度数据: device=left_camera
2026-03-04 15:44:30 [INFO] oak_vision_system.modules.display_modules.display_renderer: 切换到 Combined 模式
2026-03-04 15:44:31 [INFO] oak_vision_system.modules.display_modules.display_renderer: 用户按下 'q' 键
2026-03-04 15:44:31 [INFO] oak_vision_system.core.system_manager.system_manager: 显示模块请求退出（用户按下 'q' 键）
2026-03-04 15:44:31 [INFO] oak_vision_system.core.system_manager.system_manager: 接收到退出信号，准备关闭系统...
2026-03-04 15:44:31 [INFO] oak_vision_system.core.system_manager.system_manager: 执行统一关闭流程...
2026-03-04 15:44:31 [INFO] oak_vision_system.core.system_manager.system_manager: 开始关闭系统...
2026-03-04 15:44:31 [INFO] oak_vision_system.core.system_manager.system_manager: 停止模块: collector (priority=10)
2026-03-04 15:44:31 [INFO] oak_vision_system.modules.data_collector.collector: 正在停止 OAKDataCollector...
2026-03-04 15:44:37 [INFO] oak_vision_system.modules.data_collector.collector: OAKDataCollector 已停止
2026-03-04 15:44:37 [INFO] oak_vision_system.core.system_manager.system_manager: 模块停止成功: collector
2026-03-04 15:44:37 [INFO] oak_vision_system.core.system_manager.system_manager: 停止模块: processor (priority=30)
2026-03-04 15:44:37 [INFO] oak_vision_system.modules.data_processing.data_processor: 正在停止 DataProcessor...
2026-03-04 15:44:37 [INFO] oak_vision_system.modules.data_processing.data_processor: DataProcessor 主循环结束
2026-03-04 15:44:37 [INFO] oak_vision_system.modules.data_processing.data_processor: DataProcessor 已停止: dropped=0
2026-03-04 15:44:37 [INFO] oak_vision_system.core.system_manager.system_manager: 模块停止成功: processor
2026-03-04 15:44:37 [INFO] oak_vision_system.core.system_manager.system_manager: 停止模块: display (priority=50)
2026-03-04 15:44:37 [INFO] oak_vision_system.modules.display_modules.display_manager: 正在停止 DisplayManager...
2026-03-04 15:44:37 [INFO] oak_vision_system.modules.display_modules.display_manager: 清理 DisplayRenderer 资源...
2026-03-04 15:44:37 [INFO] oak_vision_system.modules.display_modules.display_renderer: DisplayRenderer 已清理 - 帧数: 693, 时长: 56.7s, 平均FPS: 12.2
2026-03-04 15:44:37 [INFO] oak_vision_system.modules.display_modules.display_manager: 停止 RenderPacketPackager...
2026-03-04 15:44:37 [INFO] oak_vision_system.modules.display_modules.render_packet_packager: 正在停止 RenderPacketPackager...
2026-03-04 15:44:37 [INFO] oak_vision_system.core.event_bus.event_bus: 取消订阅: event_type=raw_frame_data, subscription_id=raw_frame_data:1609283817472:1772610221185651600
2026-03-04 15:44:37 [INFO] oak_vision_system.core.event_bus.event_bus: 取消订阅: event_type=processed_data, subscription_id=processed_data:1610608433984:1772610221185651600
2026-03-04 15:44:37 [INFO] oak_vision_system.modules.display_modules.render_packet_packager: RenderPacketPackager 已停止 - 渲染包: 1333, 丢弃: 7, 成功率: 99.5%
2026-03-04 15:44:37 [INFO] oak_vision_system.modules.display_modules.display_manager: DisplayManager 已停止，统计数据: {'packager': {'render_packets': 1333, 'drops': 7}, 'queue_stats': {'19443010C122201300': {'size': 0, 'maxsize': 8, 'usage_ratio': 0.0, 'drop_count': 1}, '19443010F1221E1300': {'size': 0, 'maxsize': 8, 'usage_ratio': 0.0, 'drop_count': 178}}, 'total_queue_drops': 179, 'total_drops': 186, 'renderer': {'frames_rendered': 693, 'fps': 16.132814907732968, 'fps_history': [0.0, 15.959575050987793, 16.01439434687799, 16.401923586419144, 16.134952129279917, 16.167919856257026, 16.445985626489684, 15.907910217215354, 16.173897283529772, 16.38271610061809, 15.901569569063566, 16.22224489115127, 16.165361122840757, 15.84479023481632, 16.2197787005637, 16.50708985484289, 15.860344299059388, 16.189305420964047, 16.20758032983262, 16.0678486029163, 16.216893934981986, 16.08996531164376, 16.09941454811002, 16.34289538372969, 16.26784141652609, 16.326248288220697, 16.297249771297945, 16.09397833763249, 16.067790896344594, 15.872696626407114, 16.267644244765894, 16.119345223082927, 16.2331890761923, 16.284191739836768, 16.22838814144449, 16.014497529773845, 16.182422953145654, 16.03692737689162, 16.28446834351079, 16.248132135310904, 16.132814907732968], 'avg_fps': 15.767858131958736, 'min_fps': 0.0, 'max_fps': 16.50708985484289, 'runtime_sec': 56.72384309768677}}
2026-03-04 15:44:37 [INFO] oak_vision_system.modules.display_modules.display_manager: DisplayManager 已成功停止
2026-03-04 15:44:37 [INFO] oak_vision_system.core.system_manager.system_manager: 模块停止成功: display
2026-03-04 15:44:37 [INFO] oak_vision_system.core.system_manager.system_manager: 停止模块: can (priority=70)
2026-03-04 15:44:37 [INFO] oak_vision_system.modules.can_communication.virtual_can_communicator: 正在停止 VirtualCANCommunicator...
2026-03-04 15:44:37 [INFO] oak_vision_system.core.event_bus.event_bus: 取消订阅: event_type=person_warning, subscription_id=person_warning:1610591947520:1772610221190652100
2026-03-04 15:44:37 [INFO] oak_vision_system.modules.can_communication.virtual_can_communicator: 已取消 PERSON_WARNING 事件订阅
2026-03-04 15:44:37 [INFO] oak_vision_system.modules.can_communication.virtual_can_communicator: ============================================================
2026-03-04 15:44:37 [INFO] oak_vision_system.modules.can_communication.virtual_can_communicator: 虚拟 CAN 通信器已停止
2026-03-04 15:44:37 [INFO] oak_vision_system.modules.can_communication.virtual_can_communicator: ============================================================
2026-03-04 15:44:37 [INFO] oak_vision_system.modules.can_communication.virtual_can_communicator: 运行统计:
2026-03-04 15:44:37 [INFO] oak_vision_system.modules.can_communication.virtual_can_communicator:   • 警报触发次数: 0
2026-03-04 15:44:37 [INFO] oak_vision_system.modules.can_communication.virtual_can_communicator:   • 警报清除次数: 0
2026-03-04 15:44:37 [INFO] oak_vision_system.modules.can_communication.virtual_can_communicator:   • 坐标请求次数: 0
2026-03-04 15:44:37 [INFO] oak_vision_system.modules.can_communication.virtual_can_communicator:   • 当前警报状态: 非活跃
2026-03-04 15:44:37 [INFO] oak_vision_system.modules.can_communication.virtual_can_communicator: 
2026-03-04 15:44:37 [INFO] oak_vision_system.modules.can_communication.virtual_can_communicator: 真实环境行为说明:
2026-03-04 15:44:37 [INFO] oak_vision_system.modules.can_communication.virtual_can_communicator:   • 真实环境下会停止 CAN 总线连接
2026-03-04 15:44:37 [INFO] oak_vision_system.modules.can_communication.virtual_can_communicator:   • 会停止警报定时器线程
2026-03-04 15:44:37 [INFO] oak_vision_system.modules.can_communication.virtual_can_communicator:   • 会关闭 CAN 消息监听器
2026-03-04 15:44:37 [INFO] oak_vision_system.modules.can_communication.virtual_can_communicator:   • 会清理所有 CAN 相关资源
2026-03-04 15:44:37 [INFO] oak_vision_system.modules.can_communication.virtual_can_communicator:   • 会重置 CAN 接口配置（如果启用了自动配置）
2026-03-04 15:44:37 [INFO] oak_vision_system.modules.can_communication.virtual_can_communicator: ============================================================
2026-03-04 15:44:37 [INFO] oak_vision_system.core.system_manager.system_manager: 模块停止成功: can
2026-03-04 15:44:37 [INFO] oak_vision_system.core.system_manager.system_manager: 关闭事件总线...
2026-03-04 15:44:37 [INFO] oak_vision_system.core.system_manager.system_manager: 事件总线关闭成功
2026-03-04 15:44:37 [INFO] oak_vision_system.core.system_manager.system_manager: SystemManager 关闭完成
2026-03-04 15:44:37 [INFO] __main__: ============================================================
2026-03-04 15:44:37 [INFO] __main__: 系统已关闭
2026-03-04 15:44:37 [INFO] __main__: ============================================================
