2026-03-07 11:50:41 [INFO] oak_vision_system.core.event_bus.event_bus: 订阅事件: event_type=SYSTEM_SHUTDOWN, subscription_id=SYSTEM_SHUTDOWN:2673593227904:1772855441420617500, priority=NORMAL, subscriber_name=_on_shutdown_event
2026-03-07 11:50:41 [INFO] oak_vision_system.core.system_manager.system_manager: SystemManager 初始化完成: default_stop_timeout=5.0s, force_exit_grace_period=3.0s
2026-03-07 11:50:41 [INFO] __main__: ============================================================
2026-03-07 11:50:41 [INFO] __main__: OAK Vision System - 校准工具
2026-03-07 11:50:41 [INFO] __main__: ============================================================
2026-03-07 11:50:41 [INFO] __main__: [OK] 单设备运行模式验证通过: 19443010F1221E1300
2026-03-07 11:50:41 [INFO] __main__: 配置参数:
2026-03-07 11:50:41 [INFO] __main__:   - 配置文件: assets/test_config/config.json
2026-03-07 11:50:41 [INFO] __main__:   - 设备 MXID: 19443010F1221E1300
2026-03-07 11:50:41 [INFO] __main__:   - 虚拟 CAN: True
2026-03-07 11:50:41 [INFO] __main__:   - 无头模式: False
2026-03-07 11:50:41 [INFO] __main__:   - 误差日志: logs/calibration_errors.json
2026-03-07 11:50:41 [INFO] __main__: 
2026-03-07 11:50:41 [INFO] __main__: 创建模块实例...
2026-03-07 11:50:41 [INFO] __main__:   - 创建 OAKDataCollector...
2026-03-07 11:50:41 [INFO] oak_vision_system.modules.data_collector.pipelinemanager: PipelineManager 初始化完成（工厂模式，无状态）
2026-03-07 11:50:41 [INFO] oak_vision_system.modules.data_collector.collector: 设备可用性检查通过: 1/1 个设备可用
2026-03-07 11:50:41 [INFO] oak_vision_system.core.event_bus.event_bus: 订阅事件: event_type=backpressure_signal, subscription_id=backpressure_signal:2673593224192:1772855441434693500, priority=NORMAL, subscriber_name=OAKDataCollector._handle_backpressure_signal
2026-03-07 11:50:41 [INFO] __main__:     [OK] OAKDataCollector 创建成功
2026-03-07 11:50:41 [INFO] __main__:   - 创建 DataProcessor...
2026-03-07 11:50:41 [INFO] oak_vision_system.modules.data_processing.decision_layer.decision_layer: 决策层初始化完成: person_labels=[0], d_in=3000.00, d_out=3050.00, T_warn=3.00, T_clear=3.00
2026-03-07 11:50:41 [INFO] oak_vision_system.core.event_bus.event_bus: 订阅事件: event_type=raw_detection_data, subscription_id=raw_detection_data:2672207999552:1772855441435687700, priority=NORMAL, subscriber_name=DataProcessor._on_detection_data_received
2026-03-07 11:50:41 [INFO] oak_vision_system.modules.data_processing.data_processor: 已订阅 RAW_DETECTION_DATA 事件
2026-03-07 11:50:41 [INFO] oak_vision_system.core.backpressure.monitor: 注册队列: data_processor_queue_2672208009376, watermarks=Watermarks(high=8, low=5)
2026-03-07 11:50:41 [INFO] oak_vision_system.core.backpressure.monitor: BackpressureMonitor started, interval=50ms
2026-03-07 11:50:41 [INFO] oak_vision_system.core.backpressure.monitor: 背压事件: queue=data_processor_queue_2672208009376 action=BackpressureAction.NORMAL reason=queue_ok usage=0.00 drops=0 level=low state=1
2026-03-07 11:50:41 [INFO] oak_vision_system.modules.data_processing.data_processor: DataProcessor 初始化完成: devices=1, labels=2, queue_size=10, decision_layer_initialized=True
2026-03-07 11:50:41 [INFO] __main__:     [OK] DataProcessor 创建成功
2026-03-07 11:50:41 [INFO] __main__:   - 创建 DisplayManager...
2026-03-07 11:50:41 [INFO] oak_vision_system.core.event_bus.event_bus: 订阅事件: event_type=raw_frame_data, subscription_id=raw_frame_data:2672208069568:1772855441437680500, priority=NORMAL, subscriber_name=RenderPacketPackager._handle_video_frame
2026-03-07 11:50:41 [INFO] oak_vision_system.core.event_bus.event_bus: 订阅事件: event_type=processed_data, subscription_id=processed_data:2673593274752:1772855441438677200, priority=NORMAL, subscriber_name=RenderPacketPackager._handle_processed_data
2026-03-07 11:50:41 [INFO] oak_vision_system.modules.display_modules.render_packet_packager: 渲染包打包器已初始化，队列最大长度: 8, 超时时间: 0.20 秒, 缓存最大年龄: 1.00 秒
2026-03-07 11:50:41 [INFO] oak_vision_system.modules.display_modules.display_renderer: DisplayRenderer 初始化完成 - 设备数: 1, FPS: 20, 角色绑定数: 1, 深度输出: 启用
2026-03-07 11:50:41 [INFO] oak_vision_system.modules.display_modules.display_manager: DisplayManager 已初始化，设备数量: 1, enable_display: True, 角色绑定数: 1, 深度输出: 启用
2026-03-07 11:50:41 [INFO] __main__:     [OK] DisplayManager 创建成功
2026-03-07 11:50:41 [INFO] __main__:   - 创建 CAN 通信器...
2026-03-07 11:50:41 [INFO] __main__:     使用虚拟 CAN 模式（enable_can=False）
2026-03-07 11:50:41 [INFO] oak_vision_system.modules.can_communication.can_factory: 创建 CAN 通信器: enable_can=False, interface=socketcan, channel=can0, bitrate=250000
2026-03-07 11:50:41 [INFO] oak_vision_system.modules.can_communication.can_factory: enable_can=False，创建虚拟 CAN 通信器 (VirtualCANCommunicator)
2026-03-07 11:50:41 [INFO] oak_vision_system.modules.can_communication.virtual_can_communicator: VirtualCANCommunicator 已初始化 - 这是一个虚拟实现，用于开发和测试环境。真实环境下会使用 CANCommunicator 进行实际的 CAN 通信。
2026-03-07 11:50:41 [INFO] oak_vision_system.modules.can_communication.virtual_can_communicator: 配置信息: interface=socketcan, channel=can0, bitrate=250000
2026-03-07 11:50:41 [INFO] oak_vision_system.modules.can_communication.can_factory: CAN 通信器创建完成: VirtualCANCommunicator
2026-03-07 11:50:41 [INFO] __main__:     [OK] CAN 通信器创建成功
2026-03-07 11:50:41 [INFO] __main__: [OK] 所有模块创建完成
2026-03-07 11:50:41 [INFO] __main__: 注册模块到 SystemManager...
2026-03-07 11:50:41 [INFO] oak_vision_system.core.system_manager.system_manager: 注册模块: collector (priority=10, state=not_started)
2026-03-07 11:50:41 [INFO] __main__:   [OK] Collector 已注册（优先级: 10）
2026-03-07 11:50:41 [INFO] oak_vision_system.core.system_manager.system_manager: 注册模块: processor (priority=30, state=not_started)
2026-03-07 11:50:41 [INFO] __main__:   [OK] Processor 已注册（优先级: 30）
2026-03-07 11:50:41 [INFO] oak_vision_system.core.system_manager.system_manager: 注册模块: display (priority=50, state=not_started)
2026-03-07 11:50:41 [INFO] oak_vision_system.core.system_manager.system_manager: 注册显示模块: display (priority=50, 需要主线程渲染)
2026-03-07 11:50:41 [INFO] __main__:   [OK] Display 已注册（优先级: 50，主线程渲染）
2026-03-07 11:50:41 [INFO] oak_vision_system.core.system_manager.system_manager: 注册模块: can (priority=70, state=not_started)
2026-03-07 11:50:41 [INFO] __main__:   [OK] CAN 已注册（优先级: 70）
2026-03-07 11:50:41 [INFO] __main__: [OK] 所有模块注册完成
2026-03-07 11:50:41 [INFO] __main__: 创建校准工具组件...
2026-03-07 11:50:41 [INFO] __main__:   - 获取 DecisionLayer 实例...
2026-03-07 11:50:41 [INFO] __main__:     [OK] DecisionLayer 实例获取成功
2026-03-07 11:50:41 [INFO] __main__:   - 创建 TransformParamManager...
2026-03-07 11:50:41 [ERROR] tools.calibration_tools.core.transform_param_manager: 加载初始配置失败: build_translation_homogeneous() got an unexpected keyword argument 'right_multiply'
Traceback (most recent call last):
  File "d:\pythonWork\graspWithVision\OAK\tools\calibration_tools\core\transform_param_manager.py", line 90, in _load_initial_configs
    matrix = self._build_transform_matrix(transform_config)
  File "d:\pythonWork\graspWithVision\OAK\tools\calibration_tools\core\transform_param_manager.py", line 124, in _build_transform_matrix
    T_trans = build_translation_homogeneous(
TypeError: build_translation_homogeneous() got an unexpected keyword argument 'right_multiply'
2026-03-07 11:50:41 [ERROR] __main__:     [ERR] TransformParamManager 创建失败: build_translation_homogeneous() got an unexpected keyword argument 'right_multiply'
2026-03-07 11:50:41 [ERROR] __main__: [ERR] 校准工具组件创建失败: build_translation_homogeneous() got an unexpected keyword argument 'right_multiply'
Traceback (most recent call last):
  File "d:\pythonWork\graspWithVision\OAK\tools\calibration_tools\calibration_main.py", line 308, in create_calibration_tools
    param_manager = TransformParamManager(
  File "d:\pythonWork\graspWithVision\OAK\tools\calibration_tools\core\transform_param_manager.py", line 69, in __init__
    self._load_initial_configs()
  File "d:\pythonWork\graspWithVision\OAK\tools\calibration_tools\core\transform_param_manager.py", line 90, in _load_initial_configs
    matrix = self._build_transform_matrix(transform_config)
  File "d:\pythonWork\graspWithVision\OAK\tools\calibration_tools\core\transform_param_manager.py", line 124, in _build_transform_matrix
    T_trans = build_translation_homogeneous(
TypeError: build_translation_homogeneous() got an unexpected keyword argument 'right_multiply'
2026-03-07 11:50:41 [ERROR] __main__: 
2026-03-07 11:50:41 [ERROR] __main__: 系统无法继续运行，即将退出...
2026-03-07 11:50:41 [INFO] __main__: ============================================================
2026-03-07 11:50:41 [INFO] __main__: 系统已关闭
2026-03-07 11:50:41 [INFO] __main__: ============================================================
2026-03-07 11:58:05 [INFO] oak_vision_system.core.event_bus.event_bus: 订阅事件: event_type=SYSTEM_SHUTDOWN, subscription_id=SYSTEM_SHUTDOWN:1804457155200:1772855885740750900, priority=NORMAL, subscriber_name=_on_shutdown_event
2026-03-07 11:58:05 [INFO] oak_vision_system.core.system_manager.system_manager: SystemManager 初始化完成: default_stop_timeout=5.0s, force_exit_grace_period=3.0s
2026-03-07 11:58:05 [INFO] __main__: ============================================================
2026-03-07 11:58:05 [INFO] __main__: OAK Vision System - 校准工具
2026-03-07 11:58:05 [INFO] __main__: ============================================================
2026-03-07 11:58:05 [INFO] __main__: [OK] 单设备运行模式验证通过: 19443010F1221E1300
2026-03-07 11:58:05 [INFO] __main__: 配置参数:
2026-03-07 11:58:05 [INFO] __main__:   - 配置文件: assets/test_config/config.json
2026-03-07 11:58:05 [INFO] __main__:   - 设备 MXID: 19443010F1221E1300
2026-03-07 11:58:05 [INFO] __main__:   - 虚拟 CAN: True
2026-03-07 11:58:05 [INFO] __main__:   - 无头模式: False
2026-03-07 11:58:05 [INFO] __main__:   - 误差日志: logs/calibration_errors.json
2026-03-07 11:58:05 [INFO] __main__: 
2026-03-07 11:58:05 [INFO] __main__: 创建模块实例...
2026-03-07 11:58:05 [INFO] __main__:   - 创建 OAKDataCollector...
2026-03-07 11:58:05 [INFO] oak_vision_system.modules.data_collector.pipelinemanager: PipelineManager 初始化完成（工厂模式，无状态）
2026-03-07 11:58:05 [INFO] oak_vision_system.modules.data_collector.collector: 设备可用性检查通过: 1/1 个设备可用
2026-03-07 11:58:05 [INFO] oak_vision_system.core.event_bus.event_bus: 订阅事件: event_type=backpressure_signal, subscription_id=backpressure_signal:1804457421056:1772855885746138900, priority=NORMAL, subscriber_name=OAKDataCollector._handle_backpressure_signal
2026-03-07 11:58:05 [INFO] __main__:     [OK] OAKDataCollector 创建成功
2026-03-07 11:58:05 [INFO] __main__:   - 创建 DataProcessor...
2026-03-07 11:58:05 [INFO] oak_vision_system.modules.data_processing.decision_layer.decision_layer: 决策层初始化完成: person_labels=[0], d_in=3000.00, d_out=3050.00, T_warn=3.00, T_clear=3.00
2026-03-07 11:58:05 [INFO] oak_vision_system.core.event_bus.event_bus: 订阅事件: event_type=raw_detection_data, subscription_id=raw_detection_data:1805373633152:1772855885748137400, priority=NORMAL, subscriber_name=DataProcessor._on_detection_data_received
2026-03-07 11:58:05 [INFO] oak_vision_system.modules.data_processing.data_processor: 已订阅 RAW_DETECTION_DATA 事件
2026-03-07 11:58:05 [INFO] oak_vision_system.core.backpressure.monitor: 注册队列: data_processor_queue_1805373610144, watermarks=Watermarks(high=8, low=5)
2026-03-07 11:58:05 [INFO] oak_vision_system.core.backpressure.monitor: BackpressureMonitor started, interval=50ms
2026-03-07 11:58:05 [INFO] oak_vision_system.core.backpressure.monitor: 背压事件: queue=data_processor_queue_1805373610144 action=BackpressureAction.NORMAL reason=queue_ok usage=0.00 drops=0 level=low state=1
2026-03-07 11:58:05 [INFO] oak_vision_system.modules.data_processing.data_processor: DataProcessor 初始化完成: devices=1, labels=2, queue_size=10, decision_layer_initialized=True
2026-03-07 11:58:05 [INFO] __main__:     [OK] DataProcessor 创建成功
2026-03-07 11:58:05 [INFO] __main__:   - 创建 DisplayManager...
2026-03-07 11:58:05 [INFO] oak_vision_system.core.event_bus.event_bus: 订阅事件: event_type=raw_frame_data, subscription_id=raw_frame_data:1805373702912:1772855885751288500, priority=NORMAL, subscriber_name=RenderPacketPackager._handle_video_frame
2026-03-07 11:58:05 [INFO] oak_vision_system.core.event_bus.event_bus: 订阅事件: event_type=processed_data, subscription_id=processed_data:1804457202048:1772855885751288500, priority=NORMAL, subscriber_name=RenderPacketPackager._handle_processed_data
2026-03-07 11:58:05 [INFO] oak_vision_system.modules.display_modules.render_packet_packager: 渲染包打包器已初始化，队列最大长度: 8, 超时时间: 0.20 秒, 缓存最大年龄: 1.00 秒
2026-03-07 11:58:05 [INFO] oak_vision_system.modules.display_modules.display_renderer: DisplayRenderer 初始化完成 - 设备数: 1, FPS: 20, 角色绑定数: 1, 深度输出: 启用
2026-03-07 11:58:05 [INFO] oak_vision_system.modules.display_modules.display_manager: DisplayManager 已初始化，设备数量: 1, enable_display: True, 角色绑定数: 1, 深度输出: 启用
2026-03-07 11:58:05 [INFO] __main__:     [OK] DisplayManager 创建成功
2026-03-07 11:58:05 [INFO] __main__:   - 创建 CAN 通信器...
2026-03-07 11:58:05 [INFO] __main__:     使用虚拟 CAN 模式（enable_can=False）
2026-03-07 11:58:05 [INFO] oak_vision_system.modules.can_communication.can_factory: 创建 CAN 通信器: enable_can=False, interface=socketcan, channel=can0, bitrate=250000
2026-03-07 11:58:05 [INFO] oak_vision_system.modules.can_communication.can_factory: enable_can=False，创建虚拟 CAN 通信器 (VirtualCANCommunicator)
2026-03-07 11:58:05 [INFO] oak_vision_system.modules.can_communication.virtual_can_communicator: VirtualCANCommunicator 已初始化 - 这是一个虚拟实现，用于开发和测试环境。真实环境下会使用 CANCommunicator 进行实际的 CAN 通信。
2026-03-07 11:58:05 [INFO] oak_vision_system.modules.can_communication.virtual_can_communicator: 配置信息: interface=socketcan, channel=can0, bitrate=250000
2026-03-07 11:58:05 [INFO] oak_vision_system.modules.can_communication.can_factory: CAN 通信器创建完成: VirtualCANCommunicator
2026-03-07 11:58:05 [INFO] __main__:     [OK] CAN 通信器创建成功
2026-03-07 11:58:05 [INFO] __main__: [OK] 所有模块创建完成
2026-03-07 11:58:05 [INFO] __main__: 注册模块到 SystemManager...
2026-03-07 11:58:05 [INFO] oak_vision_system.core.system_manager.system_manager: 注册模块: collector (priority=10, state=not_started)
2026-03-07 11:58:05 [INFO] __main__:   [OK] Collector 已注册（优先级: 10）
2026-03-07 11:58:05 [INFO] oak_vision_system.core.system_manager.system_manager: 注册模块: processor (priority=30, state=not_started)
2026-03-07 11:58:05 [INFO] __main__:   [OK] Processor 已注册（优先级: 30）
2026-03-07 11:58:05 [INFO] oak_vision_system.core.system_manager.system_manager: 注册模块: display (priority=50, state=not_started)
2026-03-07 11:58:05 [INFO] oak_vision_system.core.system_manager.system_manager: 注册显示模块: display (priority=50, 需要主线程渲染)
2026-03-07 11:58:05 [INFO] __main__:   [OK] Display 已注册（优先级: 50，主线程渲染）
2026-03-07 11:58:05 [INFO] oak_vision_system.core.system_manager.system_manager: 注册模块: can (priority=70, state=not_started)
2026-03-07 11:58:05 [INFO] __main__:   [OK] CAN 已注册（优先级: 70）
2026-03-07 11:58:05 [INFO] __main__: [OK] 所有模块注册完成
2026-03-07 11:58:05 [INFO] __main__: 创建校准工具组件...
2026-03-07 11:58:05 [INFO] __main__:   - 获取 DecisionLayer 实例...
2026-03-07 11:58:05 [INFO] __main__:     [OK] DecisionLayer 实例获取成功
2026-03-07 11:58:05 [INFO] __main__:   - 创建 TransformParamManager...
2026-03-07 11:58:05 [INFO] tools.calibration_tools.core.transform_param_manager: 初始配置加载完成: devices=['19443010F1221E1300']
2026-03-07 11:58:05 [INFO] __main__:     [OK] TransformParamManager 创建成功
2026-03-07 11:58:05 [INFO] __main__:   - 创建 ErrorRecorder...
2026-03-07 11:58:05 [INFO] tools.calibration_tools.core.error_recorder: 误差记录器初始化完成，日志文件: logs\calibration_errors.json
2026-03-07 11:58:05 [INFO] __main__:     [OK] ErrorRecorder 创建成功
2026-03-07 11:58:05 [INFO] __main__:     误差日志文件: logs/calibration_errors.json
2026-03-07 11:58:05 [INFO] __main__: [OK] 校准工具组件创建完成
2026-03-07 11:58:05 [INFO] __main__: ============================================================
2026-03-07 11:58:05 [INFO] __main__: 启动系统...
2026-03-07 11:58:05 [INFO] __main__: ============================================================
2026-03-07 11:58:05 [INFO] oak_vision_system.core.system_manager.system_manager: 开始启动所有模块...
2026-03-07 11:58:05 [INFO] oak_vision_system.core.system_manager.system_manager: 启动模块: can (priority=70)
2026-03-07 11:58:05 [INFO] oak_vision_system.modules.can_communication.virtual_can_communicator: 正在启动 VirtualCANCommunicator...
2026-03-07 11:58:05 [INFO] oak_vision_system.core.event_bus.event_bus: 订阅事件: event_type=person_warning, subscription_id=person_warning:1805373711936:1772855885759370800, priority=NORMAL, subscriber_name=_on_person_warning
2026-03-07 11:58:05 [INFO] oak_vision_system.modules.can_communication.virtual_can_communicator: ============================================================
2026-03-07 11:58:05 [INFO] oak_vision_system.modules.can_communication.virtual_can_communicator: 虚拟 CAN 通信器已启动
2026-03-07 11:58:05 [INFO] oak_vision_system.modules.can_communication.virtual_can_communicator: ============================================================
2026-03-07 11:58:05 [INFO] oak_vision_system.modules.can_communication.virtual_can_communicator: 功能说明:
2026-03-07 11:58:05 [INFO] oak_vision_system.modules.can_communication.virtual_can_communicator:   • 这是一个虚拟实现，用于开发和测试环境
2026-03-07 11:58:05 [INFO] oak_vision_system.modules.can_communication.virtual_can_communicator:   • 会订阅 PERSON_WARNING 事件并记录详细日志
2026-03-07 11:58:05 [INFO] oak_vision_system.modules.can_communication.virtual_can_communicator:   • 支持坐标请求模拟，调用真实的决策层接口
2026-03-07 11:58:05 [INFO] oak_vision_system.modules.can_communication.virtual_can_communicator:   • 维护统计计数器，帮助验证事件流
2026-03-07 11:58:05 [INFO] oak_vision_system.modules.can_communication.virtual_can_communicator: 
2026-03-07 11:58:05 [INFO] oak_vision_system.modules.can_communication.virtual_can_communicator: 真实环境行为说明:
2026-03-07 11:58:05 [INFO] oak_vision_system.modules.can_communication.virtual_can_communicator:   • 真实环境下会使用 CANCommunicator 连接实际的 CAN 总线
2026-03-07 11:58:05 [INFO] oak_vision_system.modules.can_communication.virtual_can_communicator:   • 会连接到 socketcan 接口
2026-03-07 11:58:05 [INFO] oak_vision_system.modules.can_communication.virtual_can_communicator:   • 使用通道 can0，波特率 250000
2026-03-07 11:58:05 [INFO] oak_vision_system.modules.can_communication.virtual_can_communicator:   • 会发送实际的 CAN 消息到硬件设备
2026-03-07 11:58:05 [INFO] oak_vision_system.modules.can_communication.virtual_can_communicator:   • 会接收来自硬件的坐标请求消息
2026-03-07 11:58:05 [INFO] oak_vision_system.modules.can_communication.virtual_can_communicator: 
2026-03-07 11:58:05 [INFO] oak_vision_system.modules.can_communication.virtual_can_communicator: 当前配置:
2026-03-07 11:58:05 [INFO] oak_vision_system.modules.can_communication.virtual_can_communicator:   • CAN 接口: socketcan
2026-03-07 11:58:05 [INFO] oak_vision_system.modules.can_communication.virtual_can_communicator:   • CAN 通道: can0
2026-03-07 11:58:05 [INFO] oak_vision_system.modules.can_communication.virtual_can_communicator:   • 波特率: 250000
2026-03-07 11:58:05 [INFO] oak_vision_system.modules.can_communication.virtual_can_communicator:   • 警报间隔: 500ms
2026-03-07 11:58:05 [INFO] oak_vision_system.modules.can_communication.virtual_can_communicator:   • 发送超时: 100ms
2026-03-07 11:58:05 [INFO] oak_vision_system.modules.can_communication.virtual_can_communicator: ============================================================
2026-03-07 11:58:05 [INFO] oak_vision_system.core.system_manager.system_manager: 模块启动成功: can
2026-03-07 11:58:05 [INFO] oak_vision_system.core.system_manager.system_manager: 启动模块: display (priority=50)
2026-03-07 11:58:05 [INFO] oak_vision_system.modules.display_modules.display_manager: 启动 RenderPacketPackager...
2026-03-07 11:58:05 [INFO] oak_vision_system.modules.display_modules.render_packet_packager: 渲染包打包工作线程已启动
2026-03-07 11:58:05 [INFO] oak_vision_system.modules.display_modules.display_manager: 初始化 DisplayRenderer（主线程渲染模式）...
2026-03-07 11:58:05 [INFO] oak_vision_system.modules.display_modules.display_renderer: DisplayRenderer 已初始化
2026-03-07 11:58:05 [INFO] oak_vision_system.modules.display_modules.display_manager: DisplayManager 已成功启动（主线程渲染模式）
2026-03-07 11:58:05 [INFO] oak_vision_system.core.system_manager.system_manager: 模块启动成功: display
2026-03-07 11:58:05 [INFO] oak_vision_system.core.system_manager.system_manager: 启动模块: processor (priority=30)
2026-03-07 11:58:05 [INFO] oak_vision_system.modules.data_processing.data_processor: DataProcessor 主循环开始
2026-03-07 11:58:05 [INFO] oak_vision_system.modules.data_processing.data_processor: DataProcessor 线程已启动
2026-03-07 11:58:05 [INFO] oak_vision_system.core.system_manager.system_manager: 模块启动成功: processor
2026-03-07 11:58:05 [INFO] oak_vision_system.core.system_manager.system_manager: 启动模块: collector (priority=10)
2026-03-07 11:58:07 [INFO] oak_vision_system.modules.data_collector.collector: 为设备 right_camera 创建 pipeline...
2026-03-07 11:58:07 [INFO] oak_vision_system.modules.data_collector.collector: 为设备 right_camera 创建带深度输出的 pipeline
2026-03-07 11:58:07 [INFO] oak_vision_system.modules.data_collector.pipelinemanager: create_pipeline_new: start (新版风格)
2026-03-07 11:58:07 [INFO] oak_vision_system.modules.data_collector.pipelinemanager: pipeline创建完成（新版风格）
2026-03-07 11:58:07 [INFO] oak_vision_system.modules.data_collector.collector: 设备 right_camera 的 pipeline 创建成功
2026-03-07 11:58:07 [INFO] oak_vision_system.modules.data_collector.collector: 尝试连接设备: MXID=19443010F1221E1300, USB2模式=True
2026-03-07 11:58:07 [INFO] oak_vision_system.core.system_manager.system_manager: 模块启动成功: collector
2026-03-07 11:58:07 [INFO] oak_vision_system.core.system_manager.system_manager: 所有模块启动完成，共 4 个模块
2026-03-07 11:58:07 [INFO] __main__: [OK] 所有模块启动成功
2026-03-07 11:58:07 [INFO] __main__: 
2026-03-07 11:58:07 [INFO] __main__: 启动校准 GUI...
2026-03-07 11:58:07 [INFO] tools.calibration_tools.gui.calibration_gui: GUI 初始化: 设备 mxid = 19443010F1221E1300
2026-03-07 11:58:07 [INFO] __main__: [OK] 校准 GUI 已启动（独立线程）
2026-03-07 11:58:07 [INFO] __main__:   - GUI 窗口应该已经打开
2026-03-07 11:58:07 [INFO] __main__:   - GUI 不会阻塞主系统运行
2026-03-07 11:58:07 [INFO] __main__:   - GUI 异常不会影响主系统
2026-03-07 11:58:07 [INFO] __main__: 
2026-03-07 11:58:07 [INFO] __main__: 系统运行中...
2026-03-07 11:58:07 [INFO] __main__:   - 主系统：正常运行
2026-03-07 11:58:07 [INFO] __main__:   - 校准 GUI：已启动（独立线程）
2026-03-07 11:58:07 [INFO] __main__: 
2026-03-07 11:58:07 [INFO] __main__: 操作说明：
2026-03-07 11:58:07 [INFO] __main__:   - 使用校准 GUI 调整坐标变换参数
2026-03-07 11:58:07 [INFO] __main__:   - 参数调整仅在内存中生效，不会修改配置文件
2026-03-07 11:58:07 [INFO] __main__:   - 按 Ctrl+C 退出系统
2026-03-07 11:58:07 [INFO] __main__:   - 按 'q' 键退出显示
2026-03-07 11:58:07 [INFO] __main__:   - 按 'f' 键切换全屏
2026-03-07 11:58:07 [INFO] __main__:   - 按 '1'/'2'/'3' 键切换显示模式
2026-03-07 11:58:07 [INFO] __main__: 
2026-03-07 11:58:07 [INFO] oak_vision_system.core.system_manager.system_manager: SystemManager 开始运行，等待退出信号...
2026-03-07 11:58:07 [INFO] oak_vision_system.core.system_manager.system_manager: 退出方式: Ctrl+C 或 SYSTEM_SHUTDOWN 事件
2026-03-07 11:58:07 [INFO] oak_vision_system.core.system_manager.system_manager: 检测到显示模块，使用主线程渲染模式
2026-03-07 11:58:07 [INFO] tools.calibration_tools.gui.calibration_gui: GUI 初始化完成
2026-03-07 11:58:07 [INFO] tools.calibration_tools.gui.calibration_gui: 启动 GUI 主循环
2026-03-07 11:58:09 [INFO] oak_vision_system.modules.display_modules.display_renderer: 主窗口已创建: OAK Display
2026-03-07 11:58:09 [INFO] oak_vision_system.modules.display_modules.display_renderer: 窗口尺寸: 小窗=960x540, 全屏=1920x1080
2026-03-07 11:58:10 [WARNING] oak_vision_system.modules.data_collector.collector: 启用深度模式但未提供深度数据: device=right_camera
2026-03-07 11:58:17 [INFO] tools.calibration_tools.gui.calibration_gui: 设置参数: tx=200.0, ty=0.0, tz=0.0, pitch=0.0, yaw=0.0
2026-03-07 11:58:17 [INFO] oak_vision_system.modules.data_processing.transform_module: 变换矩阵已更新: devices=['19443010F1221E1300']
2026-03-07 11:58:17 [INFO] tools.calibration_tools.core.transform_param_manager: 参数更新成功: mxid=19443010F1221E1300, tx=200.0, ty=0.0, tz=0.0, pitch=0.0, yaw=0.0
2026-03-07 11:58:17 [INFO] tools.calibration_tools.gui.calibration_gui: 参数更新成功
2026-03-07 11:58:19 [WARNING] oak_vision_system.modules.data_collector.collector: 启用深度模式但未提供深度数据: device=right_camera
2026-03-07 11:58:23 [INFO] tools.calibration_tools.gui.calibration_gui: 设置参数: tx=200.0, ty=500.0, tz=0.0, pitch=0.0, yaw=0.0
2026-03-07 11:58:23 [INFO] oak_vision_system.modules.data_processing.transform_module: 变换矩阵已更新: devices=['19443010F1221E1300']
2026-03-07 11:58:23 [INFO] tools.calibration_tools.core.transform_param_manager: 参数更新成功: mxid=19443010F1221E1300, tx=200.0, ty=500.0, tz=0.0, pitch=0.0, yaw=0.0
2026-03-07 11:58:23 [INFO] tools.calibration_tools.gui.calibration_gui: 参数更新成功
2026-03-07 11:58:40 [INFO] tools.calibration_tools.gui.calibration_gui: 设置参数: tx=200.0, ty=-500.0, tz=0.0, pitch=0.0, yaw=0.0
2026-03-07 11:58:40 [INFO] oak_vision_system.modules.data_processing.transform_module: 变换矩阵已更新: devices=['19443010F1221E1300']
2026-03-07 11:58:40 [INFO] tools.calibration_tools.core.transform_param_manager: 参数更新成功: mxid=19443010F1221E1300, tx=200.0, ty=-500.0, tz=0.0, pitch=0.0, yaw=0.0
2026-03-07 11:58:40 [INFO] tools.calibration_tools.gui.calibration_gui: 参数更新成功
2026-03-07 11:58:45 [INFO] tools.calibration_tools.gui.calibration_gui: 重置参数为默认值
2026-03-07 11:58:45 [INFO] oak_vision_system.modules.data_processing.transform_module: 变换矩阵已更新: devices=['19443010F1221E1300']
2026-03-07 11:58:45 [INFO] tools.calibration_tools.core.transform_param_manager: 参数更新成功: mxid=19443010F1221E1300, tx=0.0, ty=0.0, tz=0.0, pitch=0.0, yaw=0.0
2026-03-07 11:58:45 [INFO] tools.calibration_tools.core.transform_param_manager: 设备 19443010F1221E1300 已重置为初始参数
2026-03-07 11:58:45 [INFO] tools.calibration_tools.gui.calibration_gui: 参数重置成功
2026-03-07 11:58:49 [INFO] tools.calibration_tools.gui.calibration_gui: 设置参数: tx=0.0, ty=0.0, tz=0.0, pitch=0.0, yaw=50.0
2026-03-07 11:58:49 [INFO] oak_vision_system.modules.data_processing.transform_module: 变换矩阵已更新: devices=['19443010F1221E1300']
2026-03-07 11:58:49 [INFO] tools.calibration_tools.core.transform_param_manager: 参数更新成功: mxid=19443010F1221E1300, tx=0.0, ty=0.0, tz=0.0, pitch=0.0, yaw=50.0
2026-03-07 11:58:49 [INFO] tools.calibration_tools.gui.calibration_gui: 参数更新成功
2026-03-07 11:58:52 [INFO] tools.calibration_tools.gui.calibration_gui: 记录误差: 基准位置 X=1000.0, Y=500.0
2026-03-07 11:58:52 [INFO] tools.calibration_tools.core.error_recorder: 误差数据已记录 (#1): 误差大小 = 1949.07 mm
2026-03-07 11:58:52 [INFO] tools.calibration_tools.gui.calibration_gui: 误差记录成功 (#1)
2026-03-07 11:58:56 [INFO] oak_vision_system.modules.display_modules.display_renderer: 用户按下 'q' 键
2026-03-07 11:58:56 [INFO] oak_vision_system.core.system_manager.system_manager: 显示模块请求退出（用户按下 'q' 键）
2026-03-07 11:58:56 [INFO] oak_vision_system.core.system_manager.system_manager: 接收到退出信号，准备关闭系统...
2026-03-07 11:58:56 [INFO] oak_vision_system.core.system_manager.system_manager: 执行统一关闭流程...
2026-03-07 11:58:56 [INFO] oak_vision_system.core.system_manager.system_manager: 开始关闭系统...
2026-03-07 11:58:56 [INFO] oak_vision_system.core.system_manager.system_manager: 停止模块: collector (priority=10)
2026-03-07 11:58:56 [INFO] oak_vision_system.modules.data_collector.collector: 正在停止 OAKDataCollector...
2026-03-07 11:58:58 [INFO] oak_vision_system.modules.data_collector.collector: OAKDataCollector 已停止
2026-03-07 11:58:58 [INFO] oak_vision_system.core.system_manager.system_manager: 模块停止成功: collector
2026-03-07 11:58:58 [INFO] oak_vision_system.core.system_manager.system_manager: 停止模块: processor (priority=30)
2026-03-07 11:58:58 [INFO] oak_vision_system.modules.data_processing.data_processor: 正在停止 DataProcessor...
2026-03-07 11:58:59 [INFO] oak_vision_system.modules.data_processing.data_processor: DataProcessor 主循环结束
2026-03-07 11:58:59 [INFO] oak_vision_system.modules.data_processing.data_processor: DataProcessor 已停止: dropped=0
2026-03-07 11:58:59 [INFO] oak_vision_system.core.system_manager.system_manager: 模块停止成功: processor
2026-03-07 11:58:59 [INFO] oak_vision_system.core.system_manager.system_manager: 停止模块: display (priority=50)
2026-03-07 11:58:59 [INFO] oak_vision_system.modules.display_modules.display_manager: 正在停止 DisplayManager...
2026-03-07 11:58:59 [INFO] oak_vision_system.modules.display_modules.display_manager: 清理 DisplayRenderer 资源...
2026-03-07 11:58:59 [INFO] oak_vision_system.modules.display_modules.display_renderer: DisplayRenderer 已清理 - 帧数: 1314, 时长: 53.7s, 平均FPS: 24.5
2026-03-07 11:58:59 [INFO] oak_vision_system.modules.display_modules.display_manager: 停止 RenderPacketPackager...
2026-03-07 11:58:59 [INFO] oak_vision_system.modules.display_modules.render_packet_packager: 正在停止 RenderPacketPackager...
2026-03-07 11:58:59 [INFO] oak_vision_system.core.event_bus.event_bus: 取消订阅: event_type=raw_frame_data, subscription_id=raw_frame_data:1805373702912:1772855885751288500
2026-03-07 11:58:59 [INFO] oak_vision_system.core.event_bus.event_bus: 取消订阅: event_type=processed_data, subscription_id=processed_data:1804457202048:1772855885751288500
2026-03-07 11:58:59 [INFO] oak_vision_system.modules.display_modules.render_packet_packager: RenderPacketPackager 已停止 - 渲染包: 716, 丢弃: 2, 成功率: 99.7%
2026-03-07 11:58:59 [INFO] oak_vision_system.modules.display_modules.display_manager: DisplayManager 已停止，统计数据: {'packager': {'render_packets': 716, 'drops': 2}, 'queue_stats': {'19443010F1221E1300': {'size': 0, 'maxsize': 8, 'usage_ratio': 0.0, 'drop_count': 0}}, 'total_queue_drops': 0, 'total_drops': 2, 'renderer': {'frames_rendered': 1314, 'fps': 26.431173746607392, 'fps_history': [0.0, 27.835420178983444, 28.500959452077268, 27.455875899649474, 28.00551523103257, 28.8103897505719, 28.520422588056785, 28.892618677375367, 28.38662295893481, 28.726797863111273, 27.487390693003988, 28.501644225117353, 27.74618872205228, 28.31989929031582, 28.291072042428713, 28.57594686610047, 28.438810088953225, 27.874535039648393, 28.395695544823198, 28.13531340168447, 28.424699562110504, 28.05742190113051, 28.192385304495158, 28.49723182047599, 28.484313686017597, 28.002957656441165, 27.6663992362108, 28.000146866615072, 28.08072120082817, 28.493539729438716, 28.152835863257977, 27.825940640428403, 27.717537454806052, 27.97217262261299, 28.285709468686672, 27.821353659201694, 28.478152497610868, 27.941963646843206, 28.812587984241468, 28.360169686964884, 28.591189404361746, 28.258491887629674, 27.815306078087364, 27.67848958618478, 28.356971766778447, 26.431173746607392], 'avg_fps': 27.550021336347566, 'min_fps': 0.0, 'max_fps': 28.892618677375367, 'runtime_sec': 53.89956617355347}}
2026-03-07 11:58:59 [INFO] oak_vision_system.modules.display_modules.display_manager: DisplayManager 已成功停止
2026-03-07 11:58:59 [INFO] oak_vision_system.core.system_manager.system_manager: 模块停止成功: display
2026-03-07 11:58:59 [INFO] oak_vision_system.core.system_manager.system_manager: 停止模块: can (priority=70)
2026-03-07 11:58:59 [INFO] oak_vision_system.modules.can_communication.virtual_can_communicator: 正在停止 VirtualCANCommunicator...
2026-03-07 11:58:59 [INFO] oak_vision_system.core.event_bus.event_bus: 取消订阅: event_type=person_warning, subscription_id=person_warning:1805373711936:1772855885759370800
2026-03-07 11:58:59 [INFO] oak_vision_system.modules.can_communication.virtual_can_communicator: 已取消 PERSON_WARNING 事件订阅
2026-03-07 11:58:59 [INFO] oak_vision_system.modules.can_communication.virtual_can_communicator: ============================================================
2026-03-07 11:58:59 [INFO] oak_vision_system.modules.can_communication.virtual_can_communicator: 虚拟 CAN 通信器已停止
2026-03-07 11:58:59 [INFO] oak_vision_system.modules.can_communication.virtual_can_communicator: ============================================================
2026-03-07 11:58:59 [INFO] oak_vision_system.modules.can_communication.virtual_can_communicator: 运行统计:
2026-03-07 11:58:59 [INFO] oak_vision_system.modules.can_communication.virtual_can_communicator:   • 警报触发次数: 0
2026-03-07 11:58:59 [INFO] oak_vision_system.modules.can_communication.virtual_can_communicator:   • 警报清除次数: 0
2026-03-07 11:58:59 [INFO] oak_vision_system.modules.can_communication.virtual_can_communicator:   • 坐标请求次数: 0
2026-03-07 11:58:59 [INFO] oak_vision_system.modules.can_communication.virtual_can_communicator:   • 当前警报状态: 非活跃
2026-03-07 11:58:59 [INFO] oak_vision_system.modules.can_communication.virtual_can_communicator: 
2026-03-07 11:58:59 [INFO] oak_vision_system.modules.can_communication.virtual_can_communicator: 真实环境行为说明:
2026-03-07 11:58:59 [INFO] oak_vision_system.modules.can_communication.virtual_can_communicator:   • 真实环境下会停止 CAN 总线连接
2026-03-07 11:58:59 [INFO] oak_vision_system.modules.can_communication.virtual_can_communicator:   • 会停止警报定时器线程
2026-03-07 11:58:59 [INFO] oak_vision_system.modules.can_communication.virtual_can_communicator:   • 会关闭 CAN 消息监听器
2026-03-07 11:58:59 [INFO] oak_vision_system.modules.can_communication.virtual_can_communicator:   • 会清理所有 CAN 相关资源
2026-03-07 11:58:59 [INFO] oak_vision_system.modules.can_communication.virtual_can_communicator:   • 会重置 CAN 接口配置（如果启用了自动配置）
2026-03-07 11:58:59 [INFO] oak_vision_system.modules.can_communication.virtual_can_communicator: ============================================================
2026-03-07 11:58:59 [INFO] oak_vision_system.core.system_manager.system_manager: 模块停止成功: can
2026-03-07 11:58:59 [INFO] oak_vision_system.core.system_manager.system_manager: 关闭事件总线...
2026-03-07 11:58:59 [INFO] oak_vision_system.core.system_manager.system_manager: 事件总线关闭成功
2026-03-07 11:58:59 [INFO] oak_vision_system.core.system_manager.system_manager: SystemManager 关闭完成
2026-03-07 11:58:59 [INFO] __main__: ============================================================
2026-03-07 11:58:59 [INFO] __main__: 系统已关闭
2026-03-07 11:58:59 [INFO] __main__: ============================================================
